Archive member included to satisfy reference by file (symbol)

c:/st/stm32cubeide_1.5.1/stm32cubeide/plugins/com.st.stm32cube.ide.mcu.externaltools.gnu-tools-for-stm32.7-2018-q2-update.win32_1.5.0.202011040924/tools/bin/../lib/gcc/arm-none-eabi/7.3.1/../../../../arm-none-eabi/lib/thumb/v7-m\libc_nano.a(lib_a-errno.o)
                              Core/Src/syscalls.o (__errno)
c:/st/stm32cubeide_1.5.1/stm32cubeide/plugins/com.st.stm32cube.ide.mcu.externaltools.gnu-tools-for-stm32.7-2018-q2-update.win32_1.5.0.202011040924/tools/bin/../lib/gcc/arm-none-eabi/7.3.1/../../../../arm-none-eabi/lib/thumb/v7-m\libc_nano.a(lib_a-exit.o)
                              c:/st/stm32cubeide_1.5.1/stm32cubeide/plugins/com.st.stm32cube.ide.mcu.externaltools.gnu-tools-for-stm32.7-2018-q2-update.win32_1.5.0.202011040924/tools/bin/../lib/gcc/arm-none-eabi/7.3.1/../../../../arm-none-eabi/lib/thumb/v7-m/crt0.o (exit)
c:/st/stm32cubeide_1.5.1/stm32cubeide/plugins/com.st.stm32cube.ide.mcu.externaltools.gnu-tools-for-stm32.7-2018-q2-update.win32_1.5.0.202011040924/tools/bin/../lib/gcc/arm-none-eabi/7.3.1/../../../../arm-none-eabi/lib/thumb/v7-m\libc_nano.a(lib_a-impure.o)
                              c:/st/stm32cubeide_1.5.1/stm32cubeide/plugins/com.st.stm32cube.ide.mcu.externaltools.gnu-tools-for-stm32.7-2018-q2-update.win32_1.5.0.202011040924/tools/bin/../lib/gcc/arm-none-eabi/7.3.1/../../../../arm-none-eabi/lib/thumb/v7-m\libc_nano.a(lib_a-exit.o) (_global_impure_ptr)
c:/st/stm32cubeide_1.5.1/stm32cubeide/plugins/com.st.stm32cube.ide.mcu.externaltools.gnu-tools-for-stm32.7-2018-q2-update.win32_1.5.0.202011040924/tools/bin/../lib/gcc/arm-none-eabi/7.3.1/../../../../arm-none-eabi/lib/thumb/v7-m\libc_nano.a(lib_a-init.o)
                              c:/st/stm32cubeide_1.5.1/stm32cubeide/plugins/com.st.stm32cube.ide.mcu.externaltools.gnu-tools-for-stm32.7-2018-q2-update.win32_1.5.0.202011040924/tools/bin/../lib/gcc/arm-none-eabi/7.3.1/../../../../arm-none-eabi/lib/thumb/v7-m/crt0.o (__libc_init_array)
c:/st/stm32cubeide_1.5.1/stm32cubeide/plugins/com.st.stm32cube.ide.mcu.externaltools.gnu-tools-for-stm32.7-2018-q2-update.win32_1.5.0.202011040924/tools/bin/../lib/gcc/arm-none-eabi/7.3.1/../../../../arm-none-eabi/lib/thumb/v7-m\libc_nano.a(lib_a-memset.o)
                              c:/st/stm32cubeide_1.5.1/stm32cubeide/plugins/com.st.stm32cube.ide.mcu.externaltools.gnu-tools-for-stm32.7-2018-q2-update.win32_1.5.0.202011040924/tools/bin/../lib/gcc/arm-none-eabi/7.3.1/../../../../arm-none-eabi/lib/thumb/v7-m/crt0.o (memset)
c:/st/stm32cubeide_1.5.1/stm32cubeide/plugins/com.st.stm32cube.ide.mcu.externaltools.gnu-tools-for-stm32.7-2018-q2-update.win32_1.5.0.202011040924/tools/bin/../lib/gcc/arm-none-eabi/7.3.1/../../../../arm-none-eabi/lib/thumb/v7-m\libc_nano.a(lib_a-rand.o)
                              Core/Src/main.o (rand)
c:/st/stm32cubeide_1.5.1/stm32cubeide/plugins/com.st.stm32cube.ide.mcu.externaltools.gnu-tools-for-stm32.7-2018-q2-update.win32_1.5.0.202011040924/tools/bin/../lib/gcc/arm-none-eabi/7.3.1/../../../../arm-none-eabi/lib/thumb/v7-m\libc_nano.a(lib_a-sprintf.o)
                              Core/Src/main.o (sprintf)
c:/st/stm32cubeide_1.5.1/stm32cubeide/plugins/com.st.stm32cube.ide.mcu.externaltools.gnu-tools-for-stm32.7-2018-q2-update.win32_1.5.0.202011040924/tools/bin/../lib/gcc/arm-none-eabi/7.3.1/../../../../arm-none-eabi/lib/thumb/v7-m\libc_nano.a(lib_a-malloc.o)
                              c:/st/stm32cubeide_1.5.1/stm32cubeide/plugins/com.st.stm32cube.ide.mcu.externaltools.gnu-tools-for-stm32.7-2018-q2-update.win32_1.5.0.202011040924/tools/bin/../lib/gcc/arm-none-eabi/7.3.1/../../../../arm-none-eabi/lib/thumb/v7-m\libc_nano.a(lib_a-rand.o) (malloc)
c:/st/stm32cubeide_1.5.1/stm32cubeide/plugins/com.st.stm32cube.ide.mcu.externaltools.gnu-tools-for-stm32.7-2018-q2-update.win32_1.5.0.202011040924/tools/bin/../lib/gcc/arm-none-eabi/7.3.1/../../../../arm-none-eabi/lib/thumb/v7-m\libc_nano.a(lib_a-nano-freer.o)
                              c:/st/stm32cubeide_1.5.1/stm32cubeide/plugins/com.st.stm32cube.ide.mcu.externaltools.gnu-tools-for-stm32.7-2018-q2-update.win32_1.5.0.202011040924/tools/bin/../lib/gcc/arm-none-eabi/7.3.1/../../../../arm-none-eabi/lib/thumb/v7-m\libc_nano.a(lib_a-malloc.o) (_free_r)
c:/st/stm32cubeide_1.5.1/stm32cubeide/plugins/com.st.stm32cube.ide.mcu.externaltools.gnu-tools-for-stm32.7-2018-q2-update.win32_1.5.0.202011040924/tools/bin/../lib/gcc/arm-none-eabi/7.3.1/../../../../arm-none-eabi/lib/thumb/v7-m\libc_nano.a(lib_a-nano-mallocr.o)
                              c:/st/stm32cubeide_1.5.1/stm32cubeide/plugins/com.st.stm32cube.ide.mcu.externaltools.gnu-tools-for-stm32.7-2018-q2-update.win32_1.5.0.202011040924/tools/bin/../lib/gcc/arm-none-eabi/7.3.1/../../../../arm-none-eabi/lib/thumb/v7-m\libc_nano.a(lib_a-malloc.o) (_malloc_r)
[...]
Memory Configuration

Name             Origin             Length             Attributes
RAM              0x0000000020000000 0x0000000000005000 xrw
FLASH            0x0000000008000000 0x0000000000010000 xr
*default*        0x0000000000000000 0xffffffffffffffff

Linker script and memory map

LOAD c:/st/stm32cubeide_1.5.1/stm32cubeide/plugins/com.st.stm32cube.ide.mcu.externaltools.gnu-tools-for-stm32.7-2018-q2-update.win32_1.5.0.202011040924/tools/bin/../lib/gcc/arm-none-eabi/7.3.1/thumb/v7-m/crti.o
LOAD c:/st/stm32cubeide_1.5.1/stm32cubeide/plugins/com.st.stm32cube.ide.mcu.externaltools.gnu-tools-for-stm32.7-2018-q2-update.win32_1.5.0.202011040924/tools/bin/../lib/gcc/arm-none-eabi/7.3.1/thumb/v7-m/crtbegin.o
LOAD c:/st/stm32cubeide_1.5.1/stm32cubeide/plugins/com.st.stm32cube.ide.mcu.externaltools.gnu-tools-for-stm32.7-2018-q2-update.win32_1.5.0.202011040924/tools/bin/../lib/gcc/arm-none-eabi/7.3.1/../../../../arm-none-eabi/lib/thumb/v7-m/crt0.o
LOAD Core/Src/ST7789/fonts.o
LOAD Core/Src/ST7789/images.o
LOAD Core/Src/ST7789/st7789.o
LOAD Core/Src/jogo.o
LOAD Core/Src/main.o
LOAD Core/Src/stm32f1xx_hal_msp.o
LOAD Core/Src/stm32f1xx_it.o
LOAD Core/Src/syscalls.o
LOAD Core/Src/sysmem.o
LOAD Core/Src/system_stm32f1xx.o
LOAD Core/Startup/startup_stm32f103c8tx.o
LOAD Drivers/STM32F1xx_HAL_Driver/Src/stm32f1xx_hal.o
LOAD Drivers/STM32F1xx_HAL_Driver/Src/stm32f1xx_hal_cortex.o
LOAD Drivers/STM32F1xx_HAL_Driver/Src/stm32f1xx_hal_dma.o
LOAD Drivers/STM32F1xx_HAL_Driver/Src/stm32f1xx_hal_exti.o
LOAD Drivers/STM32F1xx_HAL_Driver/Src/stm32f1xx_hal_flash.o
LOAD Drivers/STM32F1xx_HAL_Driver/Src/stm32f1xx_hal_flash_ex.o
LOAD Drivers/STM32F1xx_HAL_Driver/Src/stm32f1xx_hal_gpio.o
LOAD Drivers/STM32F1xx_HAL_Driver/Src/stm32f1xx_hal_gpio_ex.o
LOAD Drivers/STM32F1xx_HAL_Driver/Src/stm32f1xx_hal_pwr.o
LOAD Drivers/STM32F1xx_HAL_Driver/Src/stm32f1xx_hal_rcc.o
LOAD Drivers/STM32F1xx_HAL_Driver/Src/stm32f1xx_hal_rcc_ex.o
LOAD Drivers/STM32F1xx_HAL_Driver/Src/stm32f1xx_hal_spi.o
LOAD Drivers/STM32F1xx_HAL_Driver/Src/stm32f1xx_hal_tim.o
LOAD Drivers/STM32F1xx_HAL_Driver/Src/stm32f1xx_hal_tim_ex.o
START GROUP
LOAD c:/st/stm32cubeide_1.5.1/stm32cubeide/plugins/com.st.stm32cube.ide.mcu.externaltools.gnu-tools-for-stm32.7-2018-q2-update.win32_1.5.0.202011040924/tools/bin/../lib/gcc/arm-none-eabi/7.3.1/../../../../arm-none-eabi/lib/thumb/v7-m\libc_nano.a
LOAD c:/st/stm32cubeide_1.5.1/stm32cubeide/plugins/com.st.stm32cube.ide.mcu.externaltools.gnu-tools-for-stm32.7-2018-q2-update.win32_1.5.0.202011040924/tools/bin/../lib/gcc/arm-none-eabi/7.3.1/../../../../arm-none-eabi/lib/thumb/v7-m\libm.a
END GROUP
START GROUP
LOAD c:/st/stm32cubeide_1.5.1/stm32cubeide/plugins/com.st.stm32cube.ide.mcu.externaltools.gnu-tools-for-stm32.7-2018-q2-update.win32_1.5.0.202011040924/tools/bin/../lib/gcc/arm-none-eabi/7.3.1/thumb/v7-m\libgcc.a
LOAD c:/st/stm32cubeide_1.5.1/stm32cubeide/plugins/com.st.stm32cube.ide.mcu.externaltools.gnu-tools-for-stm32.7-2018-q2-update.win32_1.5.0.202011040924/tools/bin/../lib/gcc/arm-none-eabi/7.3.1/../../../../arm-none-eabi/lib/thumb/v7-m\libc_nano.a
END GROUP
START GROUP
LOAD c:/st/stm32cubeide_1.5.1/stm32cubeide/plugins/com.st.stm32cube.ide.mcu.externaltools.gnu-tools-for-stm32.7-2018-q2-update.win32_1.5.0.202011040924/tools/bin/../lib/gcc/arm-none-eabi/7.3.1/thumb/v7-m\libgcc.a
LOAD c:/st/stm32cubeide_1.5.1/stm32cubeide/plugins/com.st.stm32cube.ide.mcu.externaltools.gnu-tools-for-stm32.7-2018-q2-update.win32_1.5.0.202011040924/tools/bin/../lib/gcc/arm-none-eabi/7.3.1/../../../../arm-none-eabi/lib/thumb/v7-m\libc_nano.a
LOAD c:/st/stm32cubeide_1.5.1/stm32cubeide/plugins/com.st.stm32cube.ide.mcu.externaltools.gnu-tools-for-stm32.7-2018-q2-update.win32_1.5.0.202011040924/tools/bin/../lib/gcc/arm-none-eabi/7.3.1/../../../../arm-none-eabi/lib/thumb/v7-m\libnosys.a
END GROUP
START GROUP
LOAD c:/st/stm32cubeide_1.5.1/stm32cubeide/plugins/com.st.stm32cube.ide.mcu.externaltools.gnu-tools-for-stm32.7-2018-q2-update.win32_1.5.0.202011040924/tools/bin/../lib/gcc/arm-none-eabi/7.3.1/thumb/v7-m\libgcc.a
LOAD c:/st/stm32cubeide_1.5.1/stm32cubeide/plugins/com.st.stm32cube.ide.mcu.externaltools.gnu-tools-for-stm32.7-2018-q2-update.win32_1.5.0.202011040924/tools/bin/../lib/gcc/arm-none-eabi/7.3.1/../../../../arm-none-eabi/lib/thumb/v7-m\libc_nano.a
LOAD c:/st/stm32cubeide_1.5.1/stm32cubeide/plugins/com.st.stm32cube.ide.mcu.externaltools.gnu-tools-for-stm32.7-2018-q2-update.win32_1.5.0.202011040924/tools/bin/../lib/gcc/arm-none-eabi/7.3.1/../../../../arm-none-eabi/lib/thumb/v7-m\libnosys.a
END GROUP
LOAD c:/st/stm32cubeide_1.5.1/stm32cubeide/plugins/com.st.stm32cube.ide.mcu.externaltools.gnu-tools-for-stm32.7-2018-q2-update.win32_1.5.0.202011040924/tools/bin/../lib/gcc/arm-none-eabi/7.3.1/thumb/v7-m/crtend.o
LOAD c:/st/stm32cubeide_1.5.1/stm32cubeide/plugins/com.st.stm32cube.ide.mcu.externaltools.gnu-tools-for-stm32.7-2018-q2-update.win32_1.5.0.202011040924/tools/bin/../lib/gcc/arm-none-eabi/7.3.1/thumb/v7-m/crtn.o
                0x0000000020005000                _estack = (ORIGIN (RAM) + LENGTH (RAM))
                0x0000000000000200                _Min_Heap_Size = 0x200
                0x0000000000000400                _Min_Stack_Size = 0x400

.isr_vector     0x0000000008000000      0x10c
                0x0000000008000000                . = ALIGN (0x4)
 *(.isr_vector)
 .isr_vector    0x0000000008000000      0x10c Core/Startup/startup_stm32f103c8tx.o
                0x0000000008000000                g_pfnVectors
                0x000000000800010c                . = ALIGN (0x4)

.text           0x000000000800010c     0x4ba0
                0x000000000800010c                . = ALIGN (0x4)
 *(.text)
 .text          0x000000000800010c       0x40 c:/st/stm32cubeide_1.5.1/stm32cubeide/plugins/com.st.stm32cube.ide.mcu.externaltools.gnu-tools-for-stm32.7-2018-q2-update.win32_1.5.0.202011040924/tools/bin/../lib/gcc/arm-none-eabi/7.3.1/thumb/v7-m/crtbegin.o
 *(.text*)
 .text.ST7789_WriteCommand
                0x000000000800014c       0x4c Core/Src/ST7789/st7789.o
 .text.ST7789_WriteData
                0x0000000008000198       0x70 Core/Src/ST7789/st7789.o
 .text.ST7789_WriteSmallData
                0x0000000008000208       0x4c Core/Src/ST7789/st7789.o
 .text.ST7789_SetRotation
                0x0000000008000254       0x58 Core/Src/ST7789/st7789.o
                0x0000000008000254                ST7789_SetRotation
 .text.ST7789_SetAddressWindow
                0x00000000080002ac       0xb8 Core/Src/ST7789/st7789.o
 .text.ST7789_Init
                0x0000000008000364      0x13c Core/Src/ST7789/st7789.o
                0x0000000008000364                ST7789_Init
 .text.ST7789_Fill_Color
                0x00000000080004a0       0x5e Core/Src/ST7789/st7789.o
                0x00000000080004a0                ST7789_Fill_Color
 *fill*         0x00000000080004fe        0x2 
 .text.ST7789_DrawPixel
                0x0000000008000500       0x68 Core/Src/ST7789/st7789.o
                0x0000000008000500                ST7789_DrawPixel
 .text.ST7789_DrawLine
                0x0000000008000568      0x116 Core/Src/ST7789/st7789.o
                0x0000000008000568                ST7789_DrawLine
 *fill*         0x000000000800067e        0x2 
 .text.ST7789_DrawRectangle
                0x0000000008000680       0x88 Core/Src/ST7789/st7789.o
                0x0000000008000680                ST7789_DrawRectangle
 .text.ST7789_DrawImage
                0x0000000008000708       0xa0 Core/Src/ST7789/st7789.o
                0x0000000008000708                ST7789_DrawImage
 .text.ST7789_WriteChar
                0x00000000080007a8      0x100 Core/Src/ST7789/st7789.o
                0x00000000080007a8                ST7789_WriteChar
 .text.ST7789_WriteString
                0x00000000080008a8       0xa4 Core/Src/ST7789/st7789.o
                0x00000000080008a8                ST7789_WriteString
 .text.ST7789_DrawFilledRectangle
                0x000000000800094c       0xb0 Core/Src/ST7789/st7789.o
                0x000000000800094c                ST7789_DrawFilledRectangle
 .text.ST7789_DrawFilledTriangle
                0x00000000080009fc      0x19c Core/Src/ST7789/st7789.o
                0x00000000080009fc                ST7789_DrawFilledTriangle
 .text.ST7789_DrawFilledCircle
                0x0000000008000b98      0x1cc Core/Src/ST7789/st7789.o
                0x0000000008000b98                ST7789_DrawFilledCircle
 .text.DrawCard
                0x0000000008000d64       0xbe Core/Src/jogo.o
                0x0000000008000d64                DrawCard
 .text.main     0x0000000008000e22       0x1e Core/Src/main.o
                0x0000000008000e22                main
 .text.SystemClock_Config
                0x0000000008000e40       0x82 Core/Src/main.o
                0x0000000008000e40                SystemClock_Config
 *fill*         0x0000000008000ec2        0x2 
 .text.MX_SPI1_Init
                0x0000000008000ec4       0x6c Core/Src/main.o
 .text.MX_GPIO_Init
                0x0000000008000f30       0xc0 Core/Src/main.o
 .text.setar    0x0000000008000ff0      0x854 Core/Src/main.o
                0x0000000008000ff0                setar
 .text.NavegadorCursor
                0x0000000008001844      0x128 Core/Src/main.o
                0x0000000008001844                NavegadorCursor
 .text.VerificaSeExisteCartaDisponivelLinha
                0x000000000800196c       0x52 Core/Src/main.o
                0x000000000800196c                VerificaSeExisteCartaDisponivelLinha
 .text.MoverParaProximaCartaLinha
                0x00000000080019be       0x7e Core/Src/main.o
                0x00000000080019be                MoverParaProximaCartaLinha
 .text.MoverParaLinhaComCarta
                0x0000000008001a3c       0xb8 Core/Src/main.o
                0x0000000008001a3c                MoverParaLinhaComCarta
 .text.MoverParaProximaCartaColuna
                0x0000000008001af4       0x7e Core/Src/main.o
                0x0000000008001af4                MoverParaProximaCartaColuna
 .text.MoverParaColunaComCarta
                0x0000000008001b72       0xb6 Core/Src/main.o
                0x0000000008001b72                MoverParaColunaComCarta
 .text.VerificaSeExisteCartaDisponivelColuna
                0x0000000008001c28       0x50 Core/Src/main.o
                0x0000000008001c28                VerificaSeExisteCartaDisponivelColuna
 .text.IniciarJogo
                0x0000000008001c78      0x434 Core/Src/main.o
                0x0000000008001c78                IniciarJogo
 .text.GerarParesAleatorios
                0x00000000080020ac      0x152 Core/Src/main.o
                0x00000000080020ac                GerarParesAleatorios
 *fill*         0x00000000080021fe        0x2 
 .text.SelecionarCarta
                0x0000000008002200      0x158 Core/Src/main.o
                0x0000000008002200                SelecionarCarta
 .text.VirarTodasCartas
                0x0000000008002358       0x80 Core/Src/main.o
                0x0000000008002358                VirarTodasCartas
 .text.AtualizarRecorde
                0x00000000080023d8       0x2c Core/Src/main.o
                0x00000000080023d8                AtualizarRecorde
 .text.CompararPares
                0x0000000008002404       0x28 Core/Src/main.o
                0x0000000008002404                CompararPares
 .text.AtualizarTentativas
                0x000000000800242c       0x1e Core/Src/main.o
                0x000000000800242c                AtualizarTentativas
 .text.VerificaFimDeJogo
                0x000000000800244a       0x36 Core/Src/main.o
                0x000000000800244a                VerificaFimDeJogo
 .text.ExibirFimDeJogo
                0x0000000008002480      0x204 Core/Src/main.o
                0x0000000008002480                ExibirFimDeJogo
 .text.FimDeJogoDoisJogadores
                0x0000000008002684      0x17c Core/Src/main.o
                0x0000000008002684                FimDeJogoDoisJogadores
 .text.Jogo     0x0000000008002800      0x31c Core/Src/main.o
                0x0000000008002800                Jogo
 .text.Jogo2Players
                0x0000000008002b1c      0x37c Core/Src/main.o
                0x0000000008002b1c                Jogo2Players
 .text.CursorEstaEmCartaSelecionada
                0x0000000008002e98       0x62 Core/Src/main.o
                0x0000000008002e98                CursorEstaEmCartaSelecionada
 .text.Error_Handler
                0x0000000008002efa        0x8 Core/Src/main.o
                0x0000000008002efa                Error_Handler
 *fill*         0x0000000008002f02        0x2 
 .text.HAL_MspInit
                0x0000000008002f04       0x64 Core/Src/stm32f1xx_hal_msp.o
                0x0000000008002f04                HAL_MspInit
 .text.HAL_SPI_MspInit
                0x0000000008002f68       0x94 Core/Src/stm32f1xx_hal_msp.o
                0x0000000008002f68                HAL_SPI_MspInit
 .text.NMI_Handler
                0x0000000008002ffc        0x6 Core/Src/stm32f1xx_it.o
                0x0000000008002ffc                NMI_Handler
 .text.HardFault_Handler
                0x0000000008003002        0x6 Core/Src/stm32f1xx_it.o
                0x0000000008003002                HardFault_Handler
 .text.MemManage_Handler
                0x0000000008003008        0x6 Core/Src/stm32f1xx_it.o
                0x0000000008003008                MemManage_Handler
 .text.BusFault_Handler
                0x000000000800300e        0x6 Core/Src/stm32f1xx_it.o
                0x000000000800300e                BusFault_Handler
 .text.UsageFault_Handler
                0x0000000008003014        0x6 Core/Src/stm32f1xx_it.o
                0x0000000008003014                UsageFault_Handler
 .text.SVC_Handler
                0x000000000800301a        0xc Core/Src/stm32f1xx_it.o
                0x000000000800301a                SVC_Handler
 .text.DebugMon_Handler
                0x0000000008003026        0xc Core/Src/stm32f1xx_it.o
                0x0000000008003026                DebugMon_Handler
 .text.PendSV_Handler
                0x0000000008003032        0xc Core/Src/stm32f1xx_it.o
                0x0000000008003032                PendSV_Handler
 .text.SysTick_Handler
                0x000000000800303e        0xc Core/Src/stm32f1xx_it.o
                0x000000000800303e                SysTick_Handler
 *fill*         0x000000000800304a        0x2 
 .text._sbrk    0x000000000800304c       0x6c Core/Src/sysmem.o
                0x000000000800304c                _sbrk
 .text.SystemInit
                0x00000000080030b8        0xc Core/Src/system_stm32f1xx.o
                0x00000000080030b8                SystemInit
 .text.Reset_Handler
                0x00000000080030c4       0x48 Core/Startup/startup_stm32f103c8tx.o
                0x00000000080030c4                Reset_Handler
 .text.Default_Handler
                0x000000000800310c        0x2 Core/Startup/startup_stm32f103c8tx.o
                0x000000000800310c                RTC_Alarm_IRQHandler
                0x000000000800310c                EXTI2_IRQHandler
                0x000000000800310c                TIM1_CC_IRQHandler
                0x000000000800310c                PVD_IRQHandler
                0x000000000800310c                EXTI3_IRQHandler
                0x000000000800310c                EXTI0_IRQHandler
                0x000000000800310c                I2C2_EV_IRQHandler
                0x000000000800310c                ADC1_2_IRQHandler
                0x000000000800310c                SPI1_IRQHandler
                0x000000000800310c                TAMPER_IRQHandler
                0x000000000800310c                DMA1_Channel4_IRQHandler
                0x000000000800310c                USART3_IRQHandler
                0x000000000800310c                RTC_IRQHandler
                0x000000000800310c                DMA1_Channel7_IRQHandler
                0x000000000800310c                CAN1_RX1_IRQHandler
                0x000000000800310c                TIM4_IRQHandler
                0x000000000800310c                I2C1_EV_IRQHandler
                0x000000000800310c                DMA1_Channel6_IRQHandler
                0x000000000800310c                TIM3_IRQHandler
                0x000000000800310c                RCC_IRQHandler
                0x000000000800310c                TIM1_TRG_COM_IRQHandler
                0x000000000800310c                DMA1_Channel1_IRQHandler
                0x000000000800310c                Default_Handler
                0x000000000800310c                EXTI15_10_IRQHandler
                0x000000000800310c                EXTI9_5_IRQHandler
                0x000000000800310c                SPI2_IRQHandler
                0x000000000800310c                DMA1_Channel5_IRQHandler
                0x000000000800310c                EXTI4_IRQHandler
                0x000000000800310c                USB_LP_CAN1_RX0_IRQHandler
                0x000000000800310c                USB_HP_CAN1_TX_IRQHandler
                0x000000000800310c                DMA1_Channel3_IRQHandler
                0x000000000800310c                TIM1_UP_IRQHandler
                0x000000000800310c                WWDG_IRQHandler
                0x000000000800310c                TIM2_IRQHandler
                0x000000000800310c                TIM1_BRK_IRQHandler
                0x000000000800310c                EXTI1_IRQHandler
                0x000000000800310c                USART2_IRQHandler
                0x000000000800310c                I2C2_ER_IRQHandler
                0x000000000800310c                DMA1_Channel2_IRQHandler
                0x000000000800310c                CAN1_SCE_IRQHandler
                0x000000000800310c                FLASH_IRQHandler
                0x000000000800310c                USART1_IRQHandler
                0x000000000800310c                I2C1_ER_IRQHandler
                0x000000000800310c                USBWakeUp_IRQHandler
 *fill*         0x000000000800310e        0x2 
 .text.HAL_Init
                0x0000000008003110       0x2c Drivers/STM32F1xx_HAL_Driver/Src/stm32f1xx_hal.o
                0x0000000008003110                HAL_Init
 .text.HAL_InitTick
                0x000000000800313c       0x60 Drivers/STM32F1xx_HAL_Driver/Src/stm32f1xx_hal.o
                0x000000000800313c                HAL_InitTick
 .text.HAL_IncTick
                0x000000000800319c       0x24 Drivers/STM32F1xx_HAL_Driver/Src/stm32f1xx_hal.o
                0x000000000800319c                HAL_IncTick
 .text.HAL_GetTick
                0x00000000080031c0       0x14 Drivers/STM32F1xx_HAL_Driver/Src/stm32f1xx_hal.o
                0x00000000080031c0                HAL_GetTick
 .text.HAL_Delay
                0x00000000080031d4       0x44 Drivers/STM32F1xx_HAL_Driver/Src/stm32f1xx_hal.o
                0x00000000080031d4                HAL_Delay
 .text.__NVIC_SetPriorityGrouping
                0x0000000008003218       0x48 Drivers/STM32F1xx_HAL_Driver/Src/stm32f1xx_hal_cortex.o
 .text.__NVIC_GetPriorityGrouping
                0x0000000008003260       0x1c Drivers/STM32F1xx_HAL_Driver/Src/stm32f1xx_hal_cortex.o
 .text.__NVIC_SetPriority
                0x000000000800327c       0x54 Drivers/STM32F1xx_HAL_Driver/Src/stm32f1xx_hal_cortex.o
 .text.NVIC_EncodePriority
                0x00000000080032d0       0x64 Drivers/STM32F1xx_HAL_Driver/Src/stm32f1xx_hal_cortex.o
 .text.SysTick_Config
                0x0000000008003334       0x44 Drivers/STM32F1xx_HAL_Driver/Src/stm32f1xx_hal_cortex.o
 .text.HAL_NVIC_SetPriorityGrouping
                0x0000000008003378       0x16 Drivers/STM32F1xx_HAL_Driver/Src/stm32f1xx_hal_cortex.o
                0x0000000008003378                HAL_NVIC_SetPriorityGrouping
 .text.HAL_NVIC_SetPriority
                0x000000000800338e       0x38 Drivers/STM32F1xx_HAL_Driver/Src/stm32f1xx_hal_cortex.o
                0x000000000800338e                HAL_NVIC_SetPriority
 .text.HAL_SYSTICK_Config
                0x00000000080033c6       0x18 Drivers/STM32F1xx_HAL_Driver/Src/stm32f1xx_hal_cortex.o
                0x00000000080033c6                HAL_SYSTICK_Config
 *fill*         0x00000000080033de        0x2 
 .text.HAL_GPIO_Init
                0x00000000080033e0      0x2b4 Drivers/STM32F1xx_HAL_Driver/Src/stm32f1xx_hal_gpio.o
                0x00000000080033e0                HAL_GPIO_Init
 .text.HAL_GPIO_ReadPin
                0x0000000008003694       0x2e Drivers/STM32F1xx_HAL_Driver/Src/stm32f1xx_hal_gpio.o
                0x0000000008003694                HAL_GPIO_ReadPin
 .text.HAL_GPIO_WritePin
                0x00000000080036c2       0x30 Drivers/STM32F1xx_HAL_Driver/Src/stm32f1xx_hal_gpio.o
                0x00000000080036c2                HAL_GPIO_WritePin
 *fill*         0x00000000080036f2        0x2 
 .text.HAL_RCC_OscConfig
                0x00000000080036f4      0x500 Drivers/STM32F1xx_HAL_Driver/Src/stm32f1xx_hal_rcc.o
                0x00000000080036f4                HAL_RCC_OscConfig
 .text.HAL_RCC_ClockConfig
                0x0000000008003bf4      0x1d4 Drivers/STM32F1xx_HAL_Driver/Src/stm32f1xx_hal_rcc.o
                0x0000000008003bf4                HAL_RCC_ClockConfig
 .text.HAL_RCC_GetSysClockFreq
                0x0000000008003dc8       0xc4 Drivers/STM32F1xx_HAL_Driver/Src/stm32f1xx_hal_rcc.o
                0x0000000008003dc8                HAL_RCC_GetSysClockFreq
 .text.RCC_Delay
                0x0000000008003e8c       0x3c Drivers/STM32F1xx_HAL_Driver/Src/stm32f1xx_hal_rcc.o
 .text.HAL_SPI_Init
                0x0000000008003ec8      0x108 Drivers/STM32F1xx_HAL_Driver/Src/stm32f1xx_hal_spi.o
                0x0000000008003ec8                HAL_SPI_Init
 .text.HAL_SPI_Transmit
                0x0000000008003fd0      0x278 Drivers/STM32F1xx_HAL_Driver/Src/stm32f1xx_hal_spi.o
                0x0000000008003fd0                HAL_SPI_Transmit
 .text.SPI_WaitFlagStateUntilTimeout
                0x0000000008004248      0x110 Drivers/STM32F1xx_HAL_Driver/Src/stm32f1xx_hal_spi.o
 .text.SPI_EndRxTxTransaction
                0x0000000008004358       0x3c Drivers/STM32F1xx_HAL_Driver/Src/stm32f1xx_hal_spi.o
 .text.__errno  0x0000000008004394        0xc c:/st/stm32cubeide_1.5.1/stm32cubeide/plugins/com.st.stm32cube.ide.mcu.externaltools.gnu-tools-for-stm32.7-2018-q2-update.win32_1.5.0.202011040924/tools/bin/../lib/gcc/arm-none-eabi/7.3.1/../../../../arm-none-eabi/lib/thumb/v7-m\libc_nano.a(lib_a-errno.o)
                0x0000000008004394                __errno
 .text.__libc_init_array
                0x00000000080043a0       0x48 c:/st/stm32cubeide_1.5.1/stm32cubeide/plugins/com.st.stm32cube.ide.mcu.externaltools.gnu-tools-for-stm32.7-2018-q2-update.win32_1.5.0.202011040924/tools/bin/../lib/gcc/arm-none-eabi/7.3.1/../../../../arm-none-eabi/lib/thumb/v7-m\libc_nano.a(lib_a-init.o)
                0x00000000080043a0                __libc_init_array
 .text.memset   0x00000000080043e8       0x10 c:/st/stm32cubeide_1.5.1/stm32cubeide/plugins/com.st.stm32cube.ide.mcu.externaltools.gnu-tools-for-stm32.7-2018-q2-update.win32_1.5.0.202011040924/tools/bin/../lib/gcc/arm-none-eabi/7.3.1/../../../../arm-none-eabi/lib/thumb/v7-m\libc_nano.a(lib_a-memset.o)
                0x00000000080043e8                memset
 .text.rand     0x00000000080043f8       0x68 c:/st/stm32cubeide_1.5.1/stm32cubeide/plugins/com.st.stm32cube.ide.mcu.externaltools.gnu-tools-for-stm32.7-2018-q2-update.win32_1.5.0.202011040924/tools/bin/../lib/gcc/arm-none-eabi/7.3.1/../../../../arm-none-eabi/lib/thumb/v7-m\libc_nano.a(lib_a-rand.o)
                0x00000000080043f8                rand
 .text.sprintf  0x0000000008004460       0x40 c:/st/stm32cubeide_1.5.1/stm32cubeide/plugins/com.st.stm32cube.ide.mcu.externaltools.gnu-tools-for-stm32.7-2018-q2-update.win32_1.5.0.202011040924/tools/bin/../lib/gcc/arm-none-eabi/7.3.1/../../../../arm-none-eabi/lib/thumb/v7-m\libc_nano.a(lib_a-sprintf.o)
                0x0000000008004460                siprintf
                0x0000000008004460                sprintf
 .text.malloc   0x00000000080044a0       0x10 c:/st/stm32cubeide_1.5.1/stm32cubeide/plugins/com.st.stm32cube.ide.mcu.externaltools.gnu-tools-for-stm32.7-2018-q2-update.win32_1.5.0.202011040924/tools/bin/../lib/gcc/arm-none-eabi/7.3.1/../../../../arm-none-eabi/lib/thumb/v7-m\libc_nano.a(lib_a-malloc.o)
                0x00000000080044a0                malloc
 .text._free_r  0x00000000080044b0       0x98 c:/st/stm32cubeide_1.5.1/stm32cubeide/plugins/com.st.stm32cube.ide.mcu.externaltools.gnu-tools-for-stm32.7-2018-q2-update.win32_1.5.0.202011040924/tools/bin/../lib/gcc/arm-none-eabi/7.3.1/../../../../arm-none-eabi/lib/thumb/v7-m\libc_nano.a(lib_a-nano-freer.o)
                0x00000000080044b0                _free_r
 .text._malloc_r
                0x0000000008004548       0xb4 c:/st/stm32cubeide_1.5.1/stm32cubeide/plugins/com.st.stm32cube.ide.mcu.externaltools.gnu-tools-for-stm32.7-2018-q2-update.win32_1.5.0.202011040924/tools/bin/../lib/gcc/arm-none-eabi/7.3.1/../../../../arm-none-eabi/lib/thumb/v7-m\libc_nano.a(lib_a-nano-mallocr.o)
                0x0000000008004548                _malloc_r
 .text.__ssputs_r
                0x00000000080045fc       0xb4 c:/st/stm32cubeide_1.5.1/stm32cubeide/plugins/com.st.stm32cube.ide.mcu.externaltools.gnu-tools-for-stm32.7-2018-q2-update.win32_1.5.0.202011040924/tools/bin/../lib/gcc/arm-none-eabi/7.3.1/../../../../arm-none-eabi/lib/thumb/v7-m\libc_nano.a(lib_a-nano-svfprintf.o)
                0x00000000080045fc                __ssputs_r
 .text._svfprintf_r
                0x00000000080046b0      0x1f0 c:/st/stm32cubeide_1.5.1/stm32cubeide/plugins/com.st.stm32cube.ide.mcu.externaltools.gnu-tools-for-stm32.7-2018-q2-update.win32_1.5.0.202011040924/tools/bin/../lib/gcc/arm-none-eabi/7.3.1/../../../../arm-none-eabi/lib/thumb/v7-m\libc_nano.a(lib_a-nano-svfprintf.o)
                0x00000000080046b0                _svfiprintf_r
                0x00000000080046b0                _svfprintf_r
 .text._printf_common
                0x00000000080048a0       0xec c:/st/stm32cubeide_1.5.1/stm32cubeide/plugins/com.st.stm32cube.ide.mcu.externaltools.gnu-tools-for-stm32.7-2018-q2-update.win32_1.5.0.202011040924/tools/bin/../lib/gcc/arm-none-eabi/7.3.1/../../../../arm-none-eabi/lib/thumb/v7-m\libc_nano.a(lib_a-nano-vfprintf_i.o)
                0x00000000080048a0                _printf_common
 .text._printf_i
                0x000000000800498c      0x224 c:/st/stm32cubeide_1.5.1/stm32cubeide/plugins/com.st.stm32cube.ide.mcu.externaltools.gnu-tools-for-stm32.7-2018-q2-update.win32_1.5.0.202011040924/tools/bin/../lib/gcc/arm-none-eabi/7.3.1/../../../../arm-none-eabi/lib/thumb/v7-m\libc_nano.a(lib_a-nano-vfprintf_i.o)
                0x000000000800498c                _printf_i
 .text._sbrk_r  0x0000000008004bb0       0x20 c:/st/stm32cubeide_1.5.1/stm32cubeide/plugins/com.st.stm32cube.ide.mcu.externaltools.gnu-tools-for-stm32.7-2018-q2-update.win32_1.5.0.202011040924/tools/bin/../lib/gcc/arm-none-eabi/7.3.1/../../../../arm-none-eabi/lib/thumb/v7-m\libc_nano.a(lib_a-sbrkr.o)
                0x0000000008004bb0                _sbrk_r
 .text.memchr   0x0000000008004bd0       0x1c c:/st/stm32cubeide_1.5.1/stm32cubeide/plugins/com.st.stm32cube.ide.mcu.externaltools.gnu-tools-for-stm32.7-2018-q2-update.win32_1.5.0.202011040924/tools/bin/../lib/gcc/arm-none-eabi/7.3.1/../../../../arm-none-eabi/lib/thumb/v7-m\libc_nano.a(lib_a-memchr-stub.o)
                0x0000000008004bd0                memchr
 .text.memcpy   0x0000000008004bec       0x16 c:/st/stm32cubeide_1.5.1/stm32cubeide/plugins/com.st.stm32cube.ide.mcu.externaltools.gnu-tools-for-stm32.7-2018-q2-update.win32_1.5.0.202011040924/tools/bin/../lib/gcc/arm-none-eabi/7.3.1/../../../../arm-none-eabi/lib/thumb/v7-m\libc_nano.a(lib_a-memcpy-stub.o)
                0x0000000008004bec                memcpy
 .text.memmove  0x0000000008004c02       0x32 c:/st/stm32cubeide_1.5.1/stm32cubeide/plugins/com.st.stm32cube.ide.mcu.externaltools.gnu-tools-for-stm32.7-2018-q2-update.win32_1.5.0.202011040924/tools/bin/../lib/gcc/arm-none-eabi/7.3.1/../../../../arm-none-eabi/lib/thumb/v7-m\libc_nano.a(lib_a-memmove.o)
                0x0000000008004c02                memmove
 .text.__malloc_lock
                0x0000000008004c34        0x2 c:/st/stm32cubeide_1.5.1/stm32cubeide/plugins/com.st.stm32cube.ide.mcu.externaltools.gnu-tools-for-stm32.7-2018-q2-update.win32_1.5.0.202011040924/tools/bin/../lib/gcc/arm-none-eabi/7.3.1/../../../../arm-none-eabi/lib/thumb/v7-m\libc_nano.a(lib_a-mlock.o)
                0x0000000008004c34                __malloc_lock
 .text.__malloc_unlock
                0x0000000008004c36        0x2 c:/st/stm32cubeide_1.5.1/stm32cubeide/plugins/com.st.stm32cube.ide.mcu.externaltools.gnu-tools-for-stm32.7-2018-q2-update.win32_1.5.0.202011040924/tools/bin/../lib/gcc/arm-none-eabi/7.3.1/../../../../arm-none-eabi/lib/thumb/v7-m\libc_nano.a(lib_a-mlock.o)
                0x0000000008004c36                __malloc_unlock
 .text._realloc_r
                0x0000000008004c38       0x4c c:/st/stm32cubeide_1.5.1/stm32cubeide/plugins/com.st.stm32cube.ide.mcu.externaltools.gnu-tools-for-stm32.7-2018-q2-update.win32_1.5.0.202011040924/tools/bin/../lib/gcc/arm-none-eabi/7.3.1/../../../../arm-none-eabi/lib/thumb/v7-m\libc_nano.a(lib_a-nano-reallocr.o)
                0x0000000008004c38                _realloc_r
 .text._malloc_usable_size_r
                0x0000000008004c84       0x10 c:/st/stm32cubeide_1.5.1/stm32cubeide/plugins/com.st.stm32cube.ide.mcu.externaltools.gnu-tools-for-stm32.7-2018-q2-update.win32_1.5.0.202011040924/tools/bin/../lib/gcc/arm-none-eabi/7.3.1/../../../../arm-none-eabi/lib/thumb/v7-m\libc_nano.a(lib_a-nano-msizer.o)
                0x0000000008004c84                _malloc_usable_size_r
 *(.glue_7)
 .glue_7        0x0000000008004c94        0x0 linker stubs
 *(.glue_7t)
 .glue_7t       0x0000000008004c94        0x0 linker stubs
 *(.eh_frame)
 .eh_frame      0x0000000008004c94        0x0 c:/st/stm32cubeide_1.5.1/stm32cubeide/plugins/com.st.stm32cube.ide.mcu.externaltools.gnu-tools-for-stm32.7-2018-q2-update.win32_1.5.0.202011040924/tools/bin/../lib/gcc/arm-none-eabi/7.3.1/thumb/v7-m/crtbegin.o
 *(.init)
 .init          0x0000000008004c94        0x4 c:/st/stm32cubeide_1.5.1/stm32cubeide/plugins/com.st.stm32cube.ide.mcu.externaltools.gnu-tools-for-stm32.7-2018-q2-update.win32_1.5.0.202011040924/tools/bin/../lib/gcc/arm-none-eabi/7.3.1/thumb/v7-m/crti.o
                0x0000000008004c94                _init
 .init          0x0000000008004c98        0x8 c:/st/stm32cubeide_1.5.1/stm32cubeide/plugins/com.st.stm32cube.ide.mcu.externaltools.gnu-tools-for-stm32.7-2018-q2-update.win32_1.5.0.202011040924/tools/bin/../lib/gcc/arm-none-eabi/7.3.1/thumb/v7-m/crtn.o
 *(.fini)
 .fini          0x0000000008004ca0        0x4 c:/st/stm32cubeide_1.5.1/stm32cubeide/plugins/com.st.stm32cube.ide.mcu.externaltools.gnu-tools-for-stm32.7-2018-q2-update.win32_1.5.0.202011040924/tools/bin/../lib/gcc/arm-none-eabi/7.3.1/thumb/v7-m/crti.o
                0x0000000008004ca0                _fini
 .fini          0x0000000008004ca4        0x8 c:/st/stm32cubeide_1.5.1/stm32cubeide/plugins/com.st.stm32cube.ide.mcu.externaltools.gnu-tools-for-stm32.7-2018-q2-update.win32_1.5.0.202011040924/tools/bin/../lib/gcc/arm-none-eabi/7.3.1/thumb/v7-m/crtn.o
                0x0000000008004cac                . = ALIGN (0x4)
                0x0000000008004cac                _etext = .

.vfp11_veneer   0x0000000008004cac        0x0
 .vfp11_veneer  0x0000000008004cac        0x0 linker stubs

.v4_bx          0x0000000008004cac        0x0
 .v4_bx         0x0000000008004cac        0x0 linker stubs

.iplt           0x0000000008004cac        0x0
 .iplt          0x0000000008004cac        0x0 c:/st/stm32cubeide_1.5.1/stm32cubeide/plugins/com.st.stm32cube.ide.mcu.externaltools.gnu-tools-for-stm32.7-2018-q2-update.win32_1.5.0.202011040924/tools/bin/../lib/gcc/arm-none-eabi/7.3.1/thumb/v7-m/crtbegin.o

.rodata         0x0000000008004cb0     0x3cb4
                0x0000000008004cb0                . = ALIGN (0x4)
 *(.rodata)
 .rodata        0x0000000008004cb0       0xb9 Core/Src/ST7789/st7789.o
 *fill*         0x0000000008004d69        0x3 
 .rodata        0x0000000008004d6c      0x12e Core/Src/main.o
 *fill*         0x0000000008004e9a        0x2 
 .rodata        0x0000000008004e9c       0x12 Drivers/STM32F1xx_HAL_Driver/Src/stm32f1xx_hal_rcc.o
 *(.rodata*)
 *fill*         0x0000000008004eae        0x2 
 .rodata.Font11x18
                0x0000000008004eb0      0xd5c Core/Src/ST7789/fonts.o
 .rodata.Font16x26
                0x0000000008005c0c     0x134c Core/Src/ST7789/fonts.o
 .rodata.hearts
                0x0000000008006f58      0x190 Core/Src/main.o
 .rodata.spades
                0x00000000080070e8      0x190 Core/Src/main.o
 .rodata.clubs  0x0000000008007278      0x190 Core/Src/main.o
 .rodata.diamonds
                0x0000000008007408      0x190 Core/Src/main.o
 .rodata.fundocarta
                0x0000000008007598     0x1388 Core/Src/main.o
 .rodata.AHBPrescTable
                0x0000000008008920       0x10 Core/Src/system_stm32f1xx.o
                0x0000000008008920                AHBPrescTable
 .rodata._svfprintf_r.str1.1
                0x0000000008008930       0x11 c:/st/stm32cubeide_1.5.1/stm32cubeide/plugins/com.st.stm32cube.ide.mcu.externaltools.gnu-tools-for-stm32.7-2018-q2-update.win32_1.5.0.202011040924/tools/bin/../lib/gcc/arm-none-eabi/7.3.1/../../../../arm-none-eabi/lib/thumb/v7-m\libc_nano.a(lib_a-nano-svfprintf.o)
 .rodata._printf_i.str1.1
                0x0000000008008941       0x22 c:/st/stm32cubeide_1.5.1/stm32cubeide/plugins/com.st.stm32cube.ide.mcu.externaltools.gnu-tools-for-stm32.7-2018-q2-update.win32_1.5.0.202011040924/tools/bin/../lib/gcc/arm-none-eabi/7.3.1/../../../../arm-none-eabi/lib/thumb/v7-m\libc_nano.a(lib_a-nano-vfprintf_i.o)
                0x0000000008008964                . = ALIGN (0x4)
 *fill*         0x0000000008008963        0x1 

.rel.dyn        0x0000000008008964        0x0
 .rel.iplt      0x0000000008008964        0x0 c:/st/stm32cubeide_1.5.1/stm32cubeide/plugins/com.st.stm32cube.ide.mcu.externaltools.gnu-tools-for-stm32.7-2018-q2-update.win32_1.5.0.202011040924/tools/bin/../lib/gcc/arm-none-eabi/7.3.1/thumb/v7-m/crtbegin.o

.ARM.extab      0x0000000008008964        0x0
                0x0000000008008964                . = ALIGN (0x4)
 *(.ARM.extab* .gnu.linkonce.armextab.*)
                0x0000000008008964                . = ALIGN (0x4)

.ARM            0x0000000008008964        0x0
                0x0000000008008964                . = ALIGN (0x4)
                0x0000000008008964                __exidx_start = .
 *(.ARM.exidx*)
                0x0000000008008964                __exidx_end = .
                0x0000000008008964                . = ALIGN (0x4)

.preinit_array  0x0000000008008964        0x0
                0x0000000008008964                . = ALIGN (0x4)
                0x0000000008008964                PROVIDE (__preinit_array_start = .)
 *(.preinit_array*)
                0x0000000008008964                PROVIDE (__preinit_array_end = .)
                0x0000000008008964                . = ALIGN (0x4)

.init_array     0x0000000008008964        0x4
                0x0000000008008964                . = ALIGN (0x4)
                0x0000000008008964                PROVIDE (__init_array_start = .)
 *(SORT_BY_NAME(.init_array.*))
 *(.init_array*)
 .init_array    0x0000000008008964        0x4 c:/st/stm32cubeide_1.5.1/stm32cubeide/plugins/com.st.stm32cube.ide.mcu.externaltools.gnu-tools-for-stm32.7-2018-q2-update.win32_1.5.0.202011040924/tools/bin/../lib/gcc/arm-none-eabi/7.3.1/thumb/v7-m/crtbegin.o
                0x0000000008008968                PROVIDE (__init_array_end = .)
                0x0000000008008968                . = ALIGN (0x4)

.fini_array     0x0000000008008968        0x4
                0x0000000008008968                . = ALIGN (0x4)
                [!provide]                        PROVIDE (__fini_array_start = .)
 *(SORT_BY_NAME(.fini_array.*))
 *(.fini_array*)
 .fini_array    0x0000000008008968        0x4 c:/st/stm32cubeide_1.5.1/stm32cubeide/plugins/com.st.stm32cube.ide.mcu.externaltools.gnu-tools-for-stm32.7-2018-q2-update.win32_1.5.0.202011040924/tools/bin/../lib/gcc/arm-none-eabi/7.3.1/thumb/v7-m/crtbegin.o
                [!provide]                        PROVIDE (__fini_array_end = .)
                0x000000000800896c                . = ALIGN (0x4)
                0x000000000800896c                _sidata = LOADADDR (.data)

.data           0x0000000020000000       0x9c load address 0x000000000800896c
                0x0000000020000000                . = ALIGN (0x4)
                0x0000000020000000                _sdata = .
 *(.data)
 *(.data*)
 .data.Font_11x18
                0x0000000020000000        0x8 Core/Src/ST7789/fonts.o
                0x0000000020000000                Font_11x18
 .data.Font_16x26
                0x0000000020000008        0x8 Core/Src/ST7789/fonts.o
                0x0000000020000008                Font_16x26
 .data.recorde  0x0000000020000010        0x1 Core/Src/main.o
                0x0000000020000010                recorde
 .data.linhas   0x0000000020000011        0x1 Core/Src/main.o
                0x0000000020000011                linhas
 .data.colunas  0x0000000020000012        0x1 Core/Src/main.o
                0x0000000020000012                colunas
 .data.jogadores
                0x0000000020000013        0x1 Core/Src/main.o
                0x0000000020000013                jogadores
 .data.seta     0x0000000020000014        0x2 Core/Src/main.o
                0x0000000020000014                seta
 .data.menu     0x0000000020000016        0x1 Core/Src/main.o
                0x0000000020000016                menu
 *fill*         0x0000000020000017        0x1 
 .data.x        0x0000000020000018        0x4 Core/Src/main.o
                0x0000000020000018                x
 .data.y        0x000000002000001c        0x4 Core/Src/main.o
                0x000000002000001c                y
 .data.z        0x0000000020000020        0x4 Core/Src/main.o
                0x0000000020000020                z
 .data.p        0x0000000020000024        0x4 Core/Src/main.o
                0x0000000020000024                p
 .data.P        0x0000000020000028        0x4 Core/Src/main.o
                0x0000000020000028                P
 .data.SystemCoreClock
                0x000000002000002c        0x4 Core/Src/system_stm32f1xx.o
                0x000000002000002c                SystemCoreClock
 .data.uwTickPrio
                0x0000000020000030        0x4 Drivers/STM32F1xx_HAL_Driver/Src/stm32f1xx_hal.o
                0x0000000020000030                uwTickPrio
 .data.uwTickFreq
                0x0000000020000034        0x1 Drivers/STM32F1xx_HAL_Driver/Src/stm32f1xx_hal.o
                0x0000000020000034                uwTickFreq
 *fill*         0x0000000020000035        0x3 
 .data._impure_ptr
                0x0000000020000038        0x4 c:/st/stm32cubeide_1.5.1/stm32cubeide/plugins/com.st.stm32cube.ide.mcu.externaltools.gnu-tools-for-stm32.7-2018-q2-update.win32_1.5.0.202011040924/tools/bin/../lib/gcc/arm-none-eabi/7.3.1/../../../../arm-none-eabi/lib/thumb/v7-m\libc_nano.a(lib_a-impure.o)
                0x0000000020000038                _impure_ptr
 .data.impure_data
                0x000000002000003c       0x60 c:/st/stm32cubeide_1.5.1/stm32cubeide/plugins/com.st.stm32cube.ide.mcu.externaltools.gnu-tools-for-stm32.7-2018-q2-update.win32_1.5.0.202011040924/tools/bin/../lib/gcc/arm-none-eabi/7.3.1/../../../../arm-none-eabi/lib/thumb/v7-m\libc_nano.a(lib_a-impure.o)
 *(.RamFunc)
 *(.RamFunc*)
                0x000000002000009c                . = ALIGN (0x4)
                0x000000002000009c                _edata = .

.igot.plt       0x000000002000009c        0x0 load address 0x0000000008008a08
 .igot.plt      0x000000002000009c        0x0 c:/st/stm32cubeide_1.5.1/stm32cubeide/plugins/com.st.stm32cube.ide.mcu.externaltools.gnu-tools-for-stm32.7-2018-q2-update.win32_1.5.0.202011040924/tools/bin/../lib/gcc/arm-none-eabi/7.3.1/thumb/v7-m/crtbegin.o
                0x000000002000009c                . = ALIGN (0x4)

.bss            0x000000002000009c       0x94 load address 0x0000000008008a08
                0x000000002000009c                _sbss = .
                0x000000002000009c                __bss_start__ = _sbss
 *(.bss)
 .bss           0x000000002000009c       0x1c c:/st/stm32cubeide_1.5.1/stm32cubeide/plugins/com.st.stm32cube.ide.mcu.externaltools.gnu-tools-for-stm32.7-2018-q2-update.win32_1.5.0.202011040924/tools/bin/../lib/gcc/arm-none-eabi/7.3.1/thumb/v7-m/crtbegin.o
 *(.bss*)
 .bss.tentativas
                0x00000000200000b8        0x1 Core/Src/main.o
                0x00000000200000b8                tentativas
 *fill*         0x00000000200000b9        0x3 
 .bss.last_tick
                0x00000000200000bc        0x4 Core/Src/main.o
                0x00000000200000bc                last_tick
 .bss.opcao     0x00000000200000c0        0x2 Core/Src/main.o
                0x00000000200000c0                opcao
 .bss.lugar     0x00000000200000c2        0x2 Core/Src/main.o
                0x00000000200000c2                lugar
 .bss.__sbrk_heap_end
                0x00000000200000c4        0x4 Core/Src/sysmem.o
 .bss.__malloc_free_list
                0x00000000200000c8        0x4 c:/st/stm32cubeide_1.5.1/stm32cubeide/plugins/com.st.stm32cube.ide.mcu.externaltools.gnu-tools-for-stm32.7-2018-q2-update.win32_1.5.0.202011040924/tools/bin/../lib/gcc/arm-none-eabi/7.3.1/../../../../arm-none-eabi/lib/thumb/v7-m\libc_nano.a(lib_a-nano-mallocr.o)
                0x00000000200000c8                __malloc_free_list
 .bss.__malloc_sbrk_start
                0x00000000200000cc        0x4 c:/st/stm32cubeide_1.5.1/stm32cubeide/plugins/com.st.stm32cube.ide.mcu.externaltools.gnu-tools-for-stm32.7-2018-q2-update.win32_1.5.0.202011040924/tools/bin/../lib/gcc/arm-none-eabi/7.3.1/../../../../arm-none-eabi/lib/thumb/v7-m\libc_nano.a(lib_a-nano-mallocr.o)
                0x00000000200000cc                __malloc_sbrk_start
 *(COMMON)
 COMMON         0x00000000200000d0       0x58 Core/Src/main.o
                0x00000000200000d0                hspi1
 COMMON         0x0000000020000128        0x4 Drivers/STM32F1xx_HAL_Driver/Src/stm32f1xx_hal.o
                0x0000000020000128                uwTick
 COMMON         0x000000002000012c        0x4 c:/st/stm32cubeide_1.5.1/stm32cubeide/plugins/com.st.stm32cube.ide.mcu.externaltools.gnu-tools-for-stm32.7-2018-q2-update.win32_1.5.0.202011040924/tools/bin/../lib/gcc/arm-none-eabi/7.3.1/../../../../arm-none-eabi/lib/thumb/v7-m\libc_nano.a(lib_a-reent.o)
                0x000000002000012c                errno
                0x0000000020000130                . = ALIGN (0x4)
                0x0000000020000130                _ebss = .
                0x0000000020000130                __bss_end__ = _ebss

._user_heap_stack
                0x0000000020000130      0x600 load address 0x0000000008008a08
                0x0000000020000130                . = ALIGN (0x8)
                [!provide]                        PROVIDE (end = .)
                0x0000000020000130                PROVIDE (_end = .)
                0x0000000020000330                . = (. + _Min_Heap_Size)
 *fill*         0x0000000020000130      0x200 
                0x0000000020000730                . = (. + _Min_Stack_Size)
 *fill*         0x0000000020000330      0x400 
                0x0000000020000730                . = ALIGN (0x8)

/DISCARD/
 libc.a(*)
 libm.a(*)
 libgcc.a(*)

.ARM.attributes
                0x0000000000000000       0x29
 *(.ARM.attributes)
 .ARM.attributes
                0x0000000000000000       0x1d c:/st/stm32cubeide_1.5.1/stm32cubeide/plugins/com.st.stm32cube.ide.mcu.externaltools.gnu-tools-for-stm32.7-2018-q2-update.win32_1.5.0.202011040924/tools/bin/../lib/gcc/arm-none-eabi/7.3.1/thumb/v7-m/crti.o
 .ARM.attributes
                0x000000000000001d       0x2d c:/st/stm32cubeide_1.5.1/stm32cubeide/plugins/com.st.stm32cube.ide.mcu.externaltools.gnu-tools-for-stm32.7-2018-q2-update.win32_1.5.0.202011040924/tools/bin/../lib/gcc/arm-none-eabi/7.3.1/thumb/v7-m/crtbegin.o
 .ARM.attributes
                0x000000000000004a       0x33 Core/Src/ST7789/fonts.o
 .ARM.attributes
                0x000000000000007d       0x33 Core/Src/ST7789/st7789.o
 .ARM.attributes
                0x00000000000000b0       0x33 Core/Src/jogo.o
 .ARM.attributes
                0x00000000000000e3       0x33 Core/Src/main.o
 .ARM.attributes
                0x0000000000000116       0x33 Core/Src/stm32f1xx_hal_msp.o
 .ARM.attributes
                0x0000000000000149       0x33 Core/Src/stm32f1xx_it.o
 .ARM.attributes
                0x000000000000017c       0x33 Core/Src/sysmem.o
 .ARM.attributes
                0x00000000000001af       0x33 Core/Src/system_stm32f1xx.o
 .ARM.attributes
                0x00000000000001e2       0x21 Core/Startup/startup_stm32f103c8tx.o
 .ARM.attributes
                0x0000000000000203       0x33 Drivers/STM32F1xx_HAL_Driver/Src/stm32f1xx_hal.o
 .ARM.attributes
                0x0000000000000236       0x33 Drivers/STM32F1xx_HAL_Driver/Src/stm32f1xx_hal_cortex.o
 .ARM.attributes
                0x0000000000000269       0x33 Drivers/STM32F1xx_HAL_Driver/Src/stm32f1xx_hal_gpio.o
 .ARM.attributes
                0x000000000000029c       0x33 Drivers/STM32F1xx_HAL_Driver/Src/stm32f1xx_hal_rcc.o
 .ARM.attributes
                0x00000000000002cf       0x33 Drivers/STM32F1xx_HAL_Driver/Src/stm32f1xx_hal_spi.o
 .ARM.attributes
                0x0000000000000302       0x2d c:/st/stm32cubeide_1.5.1/stm32cubeide/plugins/com.st.stm32cube.ide.mcu.externaltools.gnu-tools-for-stm32.7-2018-q2-update.win32_1.5.0.202011040924/tools/bin/../lib/gcc/arm-none-eabi/7.3.1/../../../../arm-none-eabi/lib/thumb/v7-m\libc_nano.a(lib_a-errno.o)
 .ARM.attributes
                0x000000000000032f       0x2d c:/st/stm32cubeide_1.5.1/stm32cubeide/plugins/com.st.stm32cube.ide.mcu.externaltools.gnu-tools-for-stm32.7-2018-q2-update.win32_1.5.0.202011040924/tools/bin/../lib/gcc/arm-none-eabi/7.3.1/../../../../arm-none-eabi/lib/thumb/v7-m\libc_nano.a(lib_a-impure.o)
 .ARM.attributes
                0x000000000000035c       0x2d c:/st/stm32cubeide_1.5.1/stm32cubeide/plugins/com.st.stm32cube.ide.mcu.externaltools.gnu-tools-for-stm32.7-2018-q2-update.win32_1.5.0.202011040924/tools/bin/../lib/gcc/arm-none-eabi/7.3.1/../../../../arm-none-eabi/lib/thumb/v7-m\libc_nano.a(lib_a-init.o)
 .ARM.attributes
                0x0000000000000389       0x2d c:/st/stm32cubeide_1.5.1/stm32cubeide/plugins/com.st.stm32cube.ide.mcu.externaltools.gnu-tools-for-stm32.7-2018-q2-update.win32_1.5.0.202011040924/tools/bin/../lib/gcc/arm-none-eabi/7.3.1/../../../../arm-none-eabi/lib/thumb/v7-m\libc_nano.a(lib_a-memset.o)
 .ARM.attributes
                0x00000000000003b6       0x2d c:/st/stm32cubeide_1.5.1/stm32cubeide/plugins/com.st.stm32cube.ide.mcu.externaltools.gnu-tools-for-stm32.7-2018-q2-update.win32_1.5.0.202011040924/tools/bin/../lib/gcc/arm-none-eabi/7.3.1/../../../../arm-none-eabi/lib/thumb/v7-m\libc_nano.a(lib_a-rand.o)
 .ARM.attributes
                0x00000000000003e3       0x2d c:/st/stm32cubeide_1.5.1/stm32cubeide/plugins/com.st.stm32cube.ide.mcu.externaltools.gnu-tools-for-stm32.7-2018-q2-update.win32_1.5.0.202011040924/tools/bin/../lib/gcc/arm-none-eabi/7.3.1/../../../../arm-none-eabi/lib/thumb/v7-m\libc_nano.a(lib_a-sprintf.o)
 .ARM.attributes
                0x0000000000000410       0x2d c:/st/stm32cubeide_1.5.1/stm32cubeide/plugins/com.st.stm32cube.ide.mcu.externaltools.gnu-tools-for-stm32.7-2018-q2-update.win32_1.5.0.202011040924/tools/bin/../lib/gcc/arm-none-eabi/7.3.1/../../../../arm-none-eabi/lib/thumb/v7-m\libc_nano.a(lib_a-malloc.o)
 .ARM.attributes
                0x000000000000043d       0x2d c:/st/stm32cubeide_1.5.1/stm32cubeide/plugins/com.st.stm32cube.ide.mcu.externaltools.gnu-tools-for-stm32.7-2018-q2-update.win32_1.5.0.202011040924/tools/bin/../lib/gcc/arm-none-eabi/7.3.1/../../../../arm-none-eabi/lib/thumb/v7-m\libc_nano.a(lib_a-nano-freer.o)
 .ARM.attributes
                0x000000000000046a       0x2d c:/st/stm32cubeide_1.5.1/stm32cubeide/plugins/com.st.stm32cube.ide.mcu.externaltools.gnu-tools-for-stm32.7-2018-q2-update.win32_1.5.0.202011040924/tools/bin/../lib/gcc/arm-none-eabi/7.3.1/../../../../arm-none-eabi/lib/thumb/v7-m\libc_nano.a(lib_a-nano-mallocr.o)
 .ARM.attributes
                0x0000000000000497       0x2d c:/st/stm32cubeide_1.5.1/stm32cubeide/plugins/com.st.stm32cube.ide.mcu.externaltools.gnu-tools-for-stm32.7-2018-q2-update.win32_1.5.0.202011040924/tools/bin/../lib/gcc/arm-none-eabi/7.3.1/../../../../arm-none-eabi/lib/thumb/v7-m\libc_nano.a(lib_a-nano-svfprintf.o)
 .ARM.attributes
                0x00000000000004c4       0x2d c:/st/stm32cubeide_1.5.1/stm32cubeide/plugins/com.st.stm32cube.ide.mcu.externaltools.gnu-tools-for-stm32.7-2018-q2-update.win32_1.5.0.202011040924/tools/bin/../lib/gcc/arm-none-eabi/7.3.1/../../../../arm-none-eabi/lib/thumb/v7-m\libc_nano.a(lib_a-nano-vfprintf_i.o)
 .ARM.attributes
                0x00000000000004f1       0x2d c:/st/stm32cubeide_1.5.1/stm32cubeide/plugins/com.st.stm32cube.ide.mcu.externaltools.gnu-tools-for-stm32.7-2018-q2-update.win32_1.5.0.202011040924/tools/bin/../lib/gcc/arm-none-eabi/7.3.1/../../../../arm-none-eabi/lib/thumb/v7-m\libc_nano.a(lib_a-sbrkr.o)
 .ARM.attributes
                0x000000000000051e       0x2d c:/st/stm32cubeide_1.5.1/stm32cubeide/plugins/com.st.stm32cube.ide.mcu.externaltools.gnu-tools-for-stm32.7-2018-q2-update.win32_1.5.0.202011040924/tools/bin/../lib/gcc/arm-none-eabi/7.3.1/../../../../arm-none-eabi/lib/thumb/v7-m\libc_nano.a(lib_a-memchr-stub.o)
 .ARM.attributes
                0x000000000000054b       0x2d c:/st/stm32cubeide_1.5.1/stm32cubeide/plugins/com.st.stm32cube.ide.mcu.externaltools.gnu-tools-for-stm32.7-2018-q2-update.win32_1.5.0.202011040924/tools/bin/../lib/gcc/arm-none-eabi/7.3.1/../../../../arm-none-eabi/lib/thumb/v7-m\libc_nano.a(lib_a-memcpy-stub.o)
 .ARM.attributes
                0x0000000000000578       0x2d c:/st/stm32cubeide_1.5.1/stm32cubeide/plugins/com.st.stm32cube.ide.mcu.externaltools.gnu-tools-for-stm32.7-2018-q2-update.win32_1.5.0.202011040924/tools/bin/../lib/gcc/arm-none-eabi/7.3.1/../../../../arm-none-eabi/lib/thumb/v7-m\libc_nano.a(lib_a-memmove.o)
 .ARM.attributes
                0x00000000000005a5       0x2d c:/st/stm32cubeide_1.5.1/stm32cubeide/plugins/com.st.stm32cube.ide.mcu.externaltools.gnu-tools-for-stm32.7-2018-q2-update.win32_1.5.0.202011040924/tools/bin/../lib/gcc/arm-none-eabi/7.3.1/../../../../arm-none-eabi/lib/thumb/v7-m\libc_nano.a(lib_a-mlock.o)
 .ARM.attributes
                0x00000000000005d2       0x2d c:/st/stm32cubeide_1.5.1/stm32cubeide/plugins/com.st.stm32cube.ide.mcu.externaltools.gnu-tools-for-stm32.7-2018-q2-update.win32_1.5.0.202011040924/tools/bin/../lib/gcc/arm-none-eabi/7.3.1/../../../../arm-none-eabi/lib/thumb/v7-m\libc_nano.a(lib_a-nano-reallocr.o)
 .ARM.attributes
                0x00000000000005ff       0x2d c:/st/stm32cubeide_1.5.1/stm32cubeide/plugins/com.st.stm32cube.ide.mcu.externaltools.gnu-tools-for-stm32.7-2018-q2-update.win32_1.5.0.202011040924/tools/bin/../lib/gcc/arm-none-eabi/7.3.1/../../../../arm-none-eabi/lib/thumb/v7-m\libc_nano.a(lib_a-reent.o)
 .ARM.attributes
                0x000000000000062c       0x2d c:/st/stm32cubeide_1.5.1/stm32cubeide/plugins/com.st.stm32cube.ide.mcu.externaltools.gnu-tools-for-stm32.7-2018-q2-update.win32_1.5.0.202011040924/tools/bin/../lib/gcc/arm-none-eabi/7.3.1/../../../../arm-none-eabi/lib/thumb/v7-m\libc_nano.a(lib_a-nano-msizer.o)
 .ARM.attributes
                0x0000000000000659       0x1d c:/st/stm32cubeide_1.5.1/stm32cubeide/plugins/com.st.stm32cube.ide.mcu.externaltools.gnu-tools-for-stm32.7-2018-q2-update.win32_1.5.0.202011040924/tools/bin/../lib/gcc/arm-none-eabi/7.3.1/thumb/v7-m/crtn.o
OUTPUT(Memory_Max.elf elf32-littlearm)

.debug_info     0x0000000000000000     0x848f
 .debug_info    0x0000000000000000      0x19c Core/Src/ST7789/fonts.o
 .debug_info    0x000000000000019c     0x10f1 Core/Src/ST7789/st7789.o
 .debug_info    0x000000000000128d      0x6fc Core/Src/jogo.o
 .debug_info    0x0000000000001989     0x1d99 Core/Src/main.o
 .debug_info    0x0000000000003722      0x892 Core/Src/stm32f1xx_hal_msp.o
 .debug_info    0x0000000000003fb4      0x20a Core/Src/stm32f1xx_it.o
 .debug_info    0x00000000000041be      0x985 Core/Src/sysmem.o
 .debug_info    0x0000000000004b43      0x29a Core/Src/system_stm32f1xx.o
 .debug_info    0x0000000000004ddd       0x22 Core/Startup/startup_stm32f103c8tx.o
 .debug_info    0x0000000000004dff      0x714 Drivers/STM32F1xx_HAL_Driver/Src/stm32f1xx_hal.o
 .debug_info    0x0000000000005513      0xb51 Drivers/STM32F1xx_HAL_Driver/Src/stm32f1xx_hal_cortex.o
 .debug_info    0x0000000000006064      0x69b Drivers/STM32F1xx_HAL_Driver/Src/stm32f1xx_hal_gpio.o
 .debug_info    0x00000000000066ff      0x80f Drivers/STM32F1xx_HAL_Driver/Src/stm32f1xx_hal_rcc.o
 .debug_info    0x0000000000006f0e     0x1581 Drivers/STM32F1xx_HAL_Driver/Src/stm32f1xx_hal_spi.o

.debug_abbrev   0x0000000000000000     0x1797
 .debug_abbrev  0x0000000000000000       0xa1 Core/Src/ST7789/fonts.o
 .debug_abbrev  0x00000000000000a1      0x233 Core/Src/ST7789/st7789.o
 .debug_abbrev  0x00000000000002d4      0x178 Core/Src/jogo.o
 .debug_abbrev  0x000000000000044c      0x339 Core/Src/main.o
 .debug_abbrev  0x0000000000000785      0x18c Core/Src/stm32f1xx_hal_msp.o
 .debug_abbrev  0x0000000000000911       0xc6 Core/Src/stm32f1xx_it.o
 .debug_abbrev  0x00000000000009d7      0x19b Core/Src/sysmem.o
 .debug_abbrev  0x0000000000000b72      0x134 Core/Src/system_stm32f1xx.o
 .debug_abbrev  0x0000000000000ca6       0x12 Core/Startup/startup_stm32f103c8tx.o
 .debug_abbrev  0x0000000000000cb8      0x1c7 Drivers/STM32F1xx_HAL_Driver/Src/stm32f1xx_hal.o
 .debug_abbrev  0x0000000000000e7f      0x2d5 Drivers/STM32F1xx_HAL_Driver/Src/stm32f1xx_hal_cortex.o
 .debug_abbrev  0x0000000000001154      0x1c0 Drivers/STM32F1xx_HAL_Driver/Src/stm32f1xx_hal_gpio.o
 .debug_abbrev  0x0000000000001314      0x243 Drivers/STM32F1xx_HAL_Driver/Src/stm32f1xx_hal_rcc.o
 .debug_abbrev  0x0000000000001557      0x240 Drivers/STM32F1xx_HAL_Driver/Src/stm32f1xx_hal_spi.o

.debug_aranges  0x0000000000000000      0x788
 .debug_aranges
                0x0000000000000000       0x18 Core/Src/ST7789/fonts.o
 .debug_aranges
                0x0000000000000018       0xd0 Core/Src/ST7789/st7789.o
 .debug_aranges
                0x00000000000000e8       0x20 Core/Src/jogo.o
 .debug_aranges
                0x0000000000000108       0xe8 Core/Src/main.o
 .debug_aranges
                0x00000000000001f0       0x30 Core/Src/stm32f1xx_hal_msp.o
 .debug_aranges
                0x0000000000000220       0x60 Core/Src/stm32f1xx_it.o
 .debug_aranges
                0x0000000000000280       0x20 Core/Src/sysmem.o
 .debug_aranges
                0x00000000000002a0       0x28 Core/Src/system_stm32f1xx.o
 .debug_aranges
                0x00000000000002c8       0x28 Core/Startup/startup_stm32f103c8tx.o
 .debug_aranges
                0x00000000000002f0       0xe0 Drivers/STM32F1xx_HAL_Driver/Src/stm32f1xx_hal.o
 .debug_aranges
                0x00000000000003d0      0x100 Drivers/STM32F1xx_HAL_Driver/Src/stm32f1xx_hal_cortex.o
 .debug_aranges
                0x00000000000004d0       0x58 Drivers/STM32F1xx_HAL_Driver/Src/stm32f1xx_hal_gpio.o
 .debug_aranges
                0x0000000000000528       0x90 Drivers/STM32F1xx_HAL_Driver/Src/stm32f1xx_hal_rcc.o
 .debug_aranges
                0x00000000000005b8      0x1d0 Drivers/STM32F1xx_HAL_Driver/Src/stm32f1xx_hal_spi.o

.debug_macro    0x0000000000000000    0x1725d
 .debug_macro   0x0000000000000000       0x6d Core/Src/ST7789/fonts.o
 .debug_macro   0x000000000000006d      0xa5a Core/Src/ST7789/fonts.o
 .debug_macro   0x0000000000000ac7       0x22 Core/Src/ST7789/fonts.o
 .debug_macro   0x0000000000000ae9       0x8e Core/Src/ST7789/fonts.o
 .debug_macro   0x0000000000000b77       0x51 Core/Src/ST7789/fonts.o
 .debug_macro   0x0000000000000bc8       0xef Core/Src/ST7789/fonts.o
 .debug_macro   0x0000000000000cb7       0x6a Core/Src/ST7789/fonts.o
 .debug_macro   0x0000000000000d21      0x1df Core/Src/ST7789/fonts.o
 .debug_macro   0x0000000000000f00      0x1c0 Core/Src/ST7789/st7789.o
 .debug_macro   0x00000000000010c0      0x215 Core/Src/ST7789/st7789.o
 .debug_macro   0x00000000000012d5       0x2e Core/Src/ST7789/st7789.o
 .debug_macro   0x0000000000001303       0x22 Core/Src/ST7789/st7789.o
 .debug_macro   0x0000000000001325       0x1c Core/Src/ST7789/st7789.o
 .debug_macro   0x0000000000001341       0x22 Core/Src/ST7789/st7789.o
 .debug_macro   0x0000000000001363       0xc3 Core/Src/ST7789/st7789.o
 .debug_macro   0x0000000000001426      0xd23 Core/Src/ST7789/st7789.o
 .debug_macro   0x0000000000002149     0xe09e Core/Src/ST7789/st7789.o
 .debug_macro   0x00000000000101e7       0x6d Core/Src/ST7789/st7789.o
 .debug_macro   0x0000000000010254     0x3468 Core/Src/ST7789/st7789.o
 .debug_macro   0x00000000000136bc      0x174 Core/Src/ST7789/st7789.o
 .debug_macro   0x0000000000013830       0x5c Core/Src/ST7789/st7789.o
 .debug_macro   0x000000000001388c      0x5be Core/Src/ST7789/st7789.o
 .debug_macro   0x0000000000013e4a      0x289 Core/Src/ST7789/st7789.o
 .debug_macro   0x00000000000140d3      0x1cb Core/Src/ST7789/st7789.o
 .debug_macro   0x000000000001429e      0x114 Core/Src/ST7789/st7789.o
 .debug_macro   0x00000000000143b2      0x1b2 Core/Src/ST7789/st7789.o
 .debug_macro   0x0000000000014564       0x27 Core/Src/ST7789/st7789.o
 .debug_macro   0x000000000001458b      0x136 Core/Src/ST7789/st7789.o
 .debug_macro   0x00000000000146c1      0x1bc Core/Src/ST7789/st7789.o
 .debug_macro   0x000000000001487d       0x34 Core/Src/ST7789/st7789.o
 .debug_macro   0x00000000000148b1       0x3c Core/Src/ST7789/st7789.o
 .debug_macro   0x00000000000148ed       0x57 Core/Src/ST7789/st7789.o
 .debug_macro   0x0000000000014944       0x88 Core/Src/ST7789/st7789.o
 .debug_macro   0x00000000000149cc      0x241 Core/Src/ST7789/st7789.o
 .debug_macro   0x0000000000014c0d      0x141 Core/Src/ST7789/st7789.o
 .debug_macro   0x0000000000014d4e      0x217 Core/Src/ST7789/st7789.o
 .debug_macro   0x0000000000014f65       0x83 Core/Src/ST7789/st7789.o
 .debug_macro   0x0000000000014fe8       0x28 Core/Src/ST7789/st7789.o
 .debug_macro   0x0000000000015010      0x1fd Core/Src/ST7789/st7789.o
 .debug_macro   0x000000000001520d      0x1bf Core/Src/jogo.o
 .debug_macro   0x00000000000153cc       0x22 Core/Src/jogo.o
 .debug_macro   0x00000000000153ee      0x347 Core/Src/main.o
 .debug_macro   0x0000000000015735       0x18 Core/Src/main.o
 .debug_macro   0x000000000001574d       0x46 Core/Src/main.o
 .debug_macro   0x0000000000015793       0x3c Core/Src/main.o
 .debug_macro   0x00000000000157cf       0x34 Core/Src/main.o
 .debug_macro   0x0000000000015803       0x16 Core/Src/main.o
 .debug_macro   0x0000000000015819       0x35 Core/Src/main.o
 .debug_macro   0x000000000001584e       0x52 Core/Src/main.o
 .debug_macro   0x00000000000158a0       0x1f Core/Src/main.o
 .debug_macro   0x00000000000158bf       0x43 Core/Src/main.o
 .debug_macro   0x0000000000015902       0x20 Core/Src/main.o
 .debug_macro   0x0000000000015922      0x1a3 Core/Src/main.o
 .debug_macro   0x0000000000015ac5      0x32a Core/Src/main.o
 .debug_macro   0x0000000000015def       0x16 Core/Src/main.o
 .debug_macro   0x0000000000015e05       0x29 Core/Src/main.o
 .debug_macro   0x0000000000015e2e       0x1c Core/Src/main.o
 .debug_macro   0x0000000000015e4a       0x10 Core/Src/main.o
 .debug_macro   0x0000000000015e5a       0x10 Core/Src/main.o
 .debug_macro   0x0000000000015e6a       0x1c Core/Src/main.o
 .debug_macro   0x0000000000015e86       0x52 Core/Src/main.o
 .debug_macro   0x0000000000015ed8       0x40 Core/Src/main.o
 .debug_macro   0x0000000000015f18       0x10 Core/Src/main.o
 .debug_macro   0x0000000000015f28       0x40 Core/Src/main.o
 .debug_macro   0x0000000000015f68       0xd7 Core/Src/main.o
 .debug_macro   0x000000000001603f       0x1c Core/Src/main.o
 .debug_macro   0x000000000001605b       0x3d Core/Src/main.o
 .debug_macro   0x0000000000016098       0x16 Core/Src/main.o
 .debug_macro   0x00000000000160ae      0x145 Core/Src/main.o
 .debug_macro   0x00000000000161f3      0x19d Core/Src/stm32f1xx_hal_msp.o
 .debug_macro   0x0000000000016390      0x1a7 Core/Src/stm32f1xx_it.o
 .debug_macro   0x0000000000016537       0xee Core/Src/sysmem.o
 .debug_macro   0x0000000000016625      0x23b Core/Src/sysmem.o
 .debug_macro   0x0000000000016860      0x18e Core/Src/system_stm32f1xx.o
 .debug_macro   0x00000000000169ee      0x1b2 Drivers/STM32F1xx_HAL_Driver/Src/stm32f1xx_hal.o
 .debug_macro   0x0000000000016ba0      0x18e Drivers/STM32F1xx_HAL_Driver/Src/stm32f1xx_hal_cortex.o
 .debug_macro   0x0000000000016d2e      0x1f9 Drivers/STM32F1xx_HAL_Driver/Src/stm32f1xx_hal_gpio.o
 .debug_macro   0x0000000000016f27      0x1a0 Drivers/STM32F1xx_HAL_Driver/Src/stm32f1xx_hal_rcc.o
 .debug_macro   0x00000000000170c7      0x196 Drivers/STM32F1xx_HAL_Driver/Src/stm32f1xx_hal_spi.o

.debug_line     0x0000000000000000     0x6e74
 .debug_line    0x0000000000000000      0x385 Core/Src/ST7789/fonts.o
 .debug_line    0x0000000000000385      0xa31 Core/Src/ST7789/st7789.o
 .debug_line    0x0000000000000db6      0x68f Core/Src/jogo.o
 .debug_line    0x0000000000001445      0xeee Core/Src/main.o
 .debug_line    0x0000000000002333      0x677 Core/Src/stm32f1xx_hal_msp.o
 .debug_line    0x00000000000029aa      0x6ed Core/Src/stm32f1xx_it.o
 .debug_line    0x0000000000003097      0x4c7 Core/Src/sysmem.o
 .debug_line    0x000000000000355e      0x66d Core/Src/system_stm32f1xx.o
 .debug_line    0x0000000000003bcb       0x87 Core/Startup/startup_stm32f103c8tx.o
 .debug_line    0x0000000000003c52      0x820 Drivers/STM32F1xx_HAL_Driver/Src/stm32f1xx_hal.o
 .debug_line    0x0000000000004472      0x8f7 Drivers/STM32F1xx_HAL_Driver/Src/stm32f1xx_hal_cortex.o
 .debug_line    0x0000000000004d69      0x81c Drivers/STM32F1xx_HAL_Driver/Src/stm32f1xx_hal_gpio.o
 .debug_line    0x0000000000005585      0x8e0 Drivers/STM32F1xx_HAL_Driver/Src/stm32f1xx_hal_rcc.o
 .debug_line    0x0000000000005e65     0x100f Drivers/STM32F1xx_HAL_Driver/Src/stm32f1xx_hal_spi.o

.debug_str      0x0000000000000000    0x82b57
 .debug_str     0x0000000000000000     0x3ae8 Core/Src/ST7789/fonts.o
                                       0x3c5e (size before relaxing)
 .debug_str     0x0000000000003ae8    0x78f76 Core/Src/ST7789/st7789.o
                                      0x7cddc (size before relaxing)
 .debug_str     0x000000000007ca5e       0x72 Core/Src/jogo.o
                                      0x7cb66 (size before relaxing)
 .debug_str     0x000000000007cad0     0x46be Core/Src/main.o
                                      0x812b0 (size before relaxing)
 .debug_str     0x000000000008118e       0x81 Core/Src/stm32f1xx_hal_msp.o
                                      0x7c4ad (size before relaxing)
 .debug_str     0x000000000008120f       0xbd Core/Src/stm32f1xx_it.o
                                      0x7c09f (size before relaxing)
 .debug_str     0x00000000000812cc      0x4e9 Core/Src/sysmem.o
                                       0x5f43 (size before relaxing)
 .debug_str     0x00000000000817b5       0x52 Core/Src/system_stm32f1xx.o
                                      0x7bfd4 (size before relaxing)
 .debug_str     0x0000000000081807       0x36 Core/Startup/startup_stm32f103c8tx.o
                                         0x73 (size before relaxing)
 .debug_str     0x000000000008183d      0x55e Drivers/STM32F1xx_HAL_Driver/Src/stm32f1xx_hal.o
                                      0x7c665 (size before relaxing)
 .debug_str     0x0000000000081d9b      0x300 Drivers/STM32F1xx_HAL_Driver/Src/stm32f1xx_hal_cortex.o
                                      0x7c66d (size before relaxing)
 .debug_str     0x000000000008209b      0x31f Drivers/STM32F1xx_HAL_Driver/Src/stm32f1xx_hal_gpio.o
                                      0x7c398 (size before relaxing)
 .debug_str     0x00000000000823ba      0x24f Drivers/STM32F1xx_HAL_Driver/Src/stm32f1xx_hal_rcc.o
                                      0x7c3d1 (size before relaxing)
 .debug_str     0x0000000000082609      0x54e Drivers/STM32F1xx_HAL_Driver/Src/stm32f1xx_hal_spi.o
                                      0x7c8e0 (size before relaxing)

.comment        0x0000000000000000       0x7b
 .comment       0x0000000000000000       0x7b Core/Src/ST7789/fonts.o
                                         0x7c (size before relaxing)
 .comment       0x000000000000007b       0x7c Core/Src/ST7789/st7789.o
 .comment       0x000000000000007b       0x7c Core/Src/jogo.o
 .comment       0x000000000000007b       0x7c Core/Src/main.o
 .comment       0x000000000000007b       0x7c Core/Src/stm32f1xx_hal_msp.o
 .comment       0x000000000000007b       0x7c Core/Src/stm32f1xx_it.o
 .comment       0x000000000000007b       0x7c Core/Src/sysmem.o
 .comment       0x000000000000007b       0x7c Core/Src/system_stm32f1xx.o
 .comment       0x000000000000007b       0x7c Drivers/STM32F1xx_HAL_Driver/Src/stm32f1xx_hal.o
 .comment       0x000000000000007b       0x7c Drivers/STM32F1xx_HAL_Driver/Src/stm32f1xx_hal_cortex.o
 .comment       0x000000000000007b       0x7c Drivers/STM32F1xx_HAL_Driver/Src/stm32f1xx_hal_gpio.o
 .comment       0x000000000000007b       0x7c Drivers/STM32F1xx_HAL_Driver/Src/stm32f1xx_hal_rcc.o
 .comment       0x000000000000007b       0x7c Drivers/STM32F1xx_HAL_Driver/Src/stm32f1xx_hal_spi.o

.debug_ranges   0x0000000000000000      0x6a8
 .debug_ranges  0x0000000000000000       0xc0 Core/Src/ST7789/st7789.o
 .debug_ranges  0x00000000000000c0       0x10 Core/Src/jogo.o
 .debug_ranges  0x00000000000000d0       0xd8 Core/Src/main.o
 .debug_ranges  0x00000000000001a8       0x20 Core/Src/stm32f1xx_hal_msp.o
 .debug_ranges  0x00000000000001c8       0x50 Core/Src/stm32f1xx_it.o
 .debug_ranges  0x0000000000000218       0x10 Core/Src/sysmem.o
 .debug_ranges  0x0000000000000228       0x18 Core/Src/system_stm32f1xx.o
 .debug_ranges  0x0000000000000240       0x20 Core/Startup/startup_stm32f103c8tx.o
 .debug_ranges  0x0000000000000260       0xd0 Drivers/STM32F1xx_HAL_Driver/Src/stm32f1xx_hal.o
 .debug_ranges  0x0000000000000330       0xf0 Drivers/STM32F1xx_HAL_Driver/Src/stm32f1xx_hal_cortex.o
 .debug_ranges  0x0000000000000420       0x48 Drivers/STM32F1xx_HAL_Driver/Src/stm32f1xx_hal_gpio.o
 .debug_ranges  0x0000000000000468       0x80 Drivers/STM32F1xx_HAL_Driver/Src/stm32f1xx_hal_rcc.o
 .debug_ranges  0x00000000000004e8      0x1c0 Drivers/STM32F1xx_HAL_Driver/Src/stm32f1xx_hal_spi.o

.debug_frame    0x0000000000000000     0x20e4
 .debug_frame   0x0000000000000000      0x398 Core/Src/ST7789/st7789.o
 .debug_frame   0x0000000000000398       0x3c Core/Src/jogo.o
 .debug_frame   0x00000000000003d4      0x3e8 Core/Src/main.o
 .debug_frame   0x00000000000007bc       0x80 Core/Src/stm32f1xx_hal_msp.o
 .debug_frame   0x000000000000083c      0x104 Core/Src/stm32f1xx_it.o
 .debug_frame   0x0000000000000940       0x34 Core/Src/sysmem.o
 .debug_frame   0x0000000000000974       0x58 Core/Src/system_stm32f1xx.o
 .debug_frame   0x00000000000009cc      0x334 Drivers/STM32F1xx_HAL_Driver/Src/stm32f1xx_hal.o
 .debug_frame   0x0000000000000d00      0x428 Drivers/STM32F1xx_HAL_Driver/Src/stm32f1xx_hal_cortex.o
 .debug_frame   0x0000000000001128      0x14c Drivers/STM32F1xx_HAL_Driver/Src/stm32f1xx_hal_gpio.o
 .debug_frame   0x0000000000001274      0x21c Drivers/STM32F1xx_HAL_Driver/Src/stm32f1xx_hal_rcc.o
 .debug_frame   0x0000000000001490      0x824 Drivers/STM32F1xx_HAL_Driver/Src/stm32f1xx_hal_spi.o
 .debug_frame   0x0000000000001cb4       0x20 c:/st/stm32cubeide_1.5.1/stm32cubeide/plugins/com.st.stm32cube.ide.mcu.externaltools.gnu-tools-for-stm32.7-2018-q2-update.win32_1.5.0.202011040924/tools/bin/../lib/gcc/arm-none-eabi/7.3.1/../../../../arm-none-eabi/lib/thumb/v7-m\libc_nano.a(lib_a-errno.o)
 .debug_frame   0x0000000000001cd4       0x2c c:/st/stm32cubeide_1.5.1/stm32cubeide/plugins/com.st.stm32cube.ide.mcu.externaltools.gnu-tools-for-stm32.7-2018-q2-update.win32_1.5.0.202011040924/tools/bin/../lib/gcc/arm-none-eabi/7.3.1/../../../../arm-none-eabi/lib/thumb/v7-m\libc_nano.a(lib_a-init.o)
 .debug_frame   0x0000000000001d00       0x20 c:/st/stm32cubeide_1.5.1/stm32cubeide/plugins/com.st.stm32cube.ide.mcu.externaltools.gnu-tools-for-stm32.7-2018-q2-update.win32_1.5.0.202011040924/tools/bin/../lib/gcc/arm-none-eabi/7.3.1/../../../../arm-none-eabi/lib/thumb/v7-m\libc_nano.a(lib_a-memset.o)
 .debug_frame   0x0000000000001d20       0x48 c:/st/stm32cubeide_1.5.1/stm32cubeide/plugins/com.st.stm32cube.ide.mcu.externaltools.gnu-tools-for-stm32.7-2018-q2-update.win32_1.5.0.202011040924/tools/bin/../lib/gcc/arm-none-eabi/7.3.1/../../../../arm-none-eabi/lib/thumb/v7-m\libc_nano.a(lib_a-rand.o)
 .debug_frame   0x0000000000001d68       0x6c c:/st/stm32cubeide_1.5.1/stm32cubeide/plugins/com.st.stm32cube.ide.mcu.externaltools.gnu-tools-for-stm32.7-2018-q2-update.win32_1.5.0.202011040924/tools/bin/../lib/gcc/arm-none-eabi/7.3.1/../../../../arm-none-eabi/lib/thumb/v7-m\libc_nano.a(lib_a-sprintf.o)
 .debug_frame   0x0000000000001dd4       0x30 c:/st/stm32cubeide_1.5.1/stm32cubeide/plugins/com.st.stm32cube.ide.mcu.externaltools.gnu-tools-for-stm32.7-2018-q2-update.win32_1.5.0.202011040924/tools/bin/../lib/gcc/arm-none-eabi/7.3.1/../../../../arm-none-eabi/lib/thumb/v7-m\libc_nano.a(lib_a-malloc.o)
 .debug_frame   0x0000000000001e04       0x38 c:/st/stm32cubeide_1.5.1/stm32cubeide/plugins/com.st.stm32cube.ide.mcu.externaltools.gnu-tools-for-stm32.7-2018-q2-update.win32_1.5.0.202011040924/tools/bin/../lib/gcc/arm-none-eabi/7.3.1/../../../../arm-none-eabi/lib/thumb/v7-m\libc_nano.a(lib_a-nano-freer.o)
 .debug_frame   0x0000000000001e3c       0x2c c:/st/stm32cubeide_1.5.1/stm32cubeide/plugins/com.st.stm32cube.ide.mcu.externaltools.gnu-tools-for-stm32.7-2018-q2-update.win32_1.5.0.202011040924/tools/bin/../lib/gcc/arm-none-eabi/7.3.1/../../../../arm-none-eabi/lib/thumb/v7-m\libc_nano.a(lib_a-nano-mallocr.o)
 .debug_frame   0x0000000000001e68       0x90 c:/st/stm32cubeide_1.5.1/stm32cubeide/plugins/com.st.stm32cube.ide.mcu.externaltools.gnu-tools-for-stm32.7-2018-q2-update.win32_1.5.0.202011040924/tools/bin/../lib/gcc/arm-none-eabi/7.3.1/../../../../arm-none-eabi/lib/thumb/v7-m\libc_nano.a(lib_a-nano-svfprintf.o)
 .debug_frame   0x0000000000001ef8       0x60 c:/st/stm32cubeide_1.5.1/stm32cubeide/plugins/com.st.stm32cube.ide.mcu.externaltools.gnu-tools-for-stm32.7-2018-q2-update.win32_1.5.0.202011040924/tools/bin/../lib/gcc/arm-none-eabi/7.3.1/../../../../arm-none-eabi/lib/thumb/v7-m\libc_nano.a(lib_a-nano-vfprintf_i.o)
 .debug_frame   0x0000000000001f58       0x2c c:/st/stm32cubeide_1.5.1/stm32cubeide/plugins/com.st.stm32cube.ide.mcu.externaltools.gnu-tools-for-stm32.7-2018-q2-update.win32_1.5.0.202011040924/tools/bin/../lib/gcc/arm-none-eabi/7.3.1/../../../../arm-none-eabi/lib/thumb/v7-m\libc_nano.a(lib_a-sbrkr.o)
 .debug_frame   0x0000000000001f84       0x28 c:/st/stm32cubeide_1.5.1/stm32cubeide/plugins/com.st.stm32cube.ide.mcu.externaltools.gnu-tools-for-stm32.7-2018-q2-update.win32_1.5.0.202011040924/tools/bin/../lib/gcc/arm-none-eabi/7.3.1/../../../../arm-none-eabi/lib/thumb/v7-m\libc_nano.a(lib_a-memchr-stub.o)
 .debug_frame   0x0000000000001fac       0x28 c:/st/stm32cubeide_1.5.1/stm32cubeide/plugins/com.st.stm32cube.ide.mcu.externaltools.gnu-tools-for-stm32.7-2018-q2-update.win32_1.5.0.202011040924/tools/bin/../lib/gcc/arm-none-eabi/7.3.1/../../../../arm-none-eabi/lib/thumb/v7-m\libc_nano.a(lib_a-memcpy-stub.o)
 .debug_frame   0x0000000000001fd4       0x28 c:/st/stm32cubeide_1.5.1/stm32cubeide/plugins/com.st.stm32cube.ide.mcu.externaltools.gnu-tools-for-stm32.7-2018-q2-update.win32_1.5.0.202011040924/tools/bin/../lib/gcc/arm-none-eabi/7.3.1/../../../../arm-none-eabi/lib/thumb/v7-m\libc_nano.a(lib_a-memmove.o)
 .debug_frame   0x0000000000001ffc       0x30 c:/st/stm32cubeide_1.5.1/stm32cubeide/plugins/com.st.stm32cube.ide.mcu.externaltools.gnu-tools-for-stm32.7-2018-q2-update.win32_1.5.0.202011040924/tools/bin/../lib/gcc/arm-none-eabi/7.3.1/../../../../arm-none-eabi/lib/thumb/v7-m\libc_nano.a(lib_a-mlock.o)
 .debug_frame   0x000000000000202c       0x3c c:/st/stm32cubeide_1.5.1/stm32cubeide/plugins/com.st.stm32cube.ide.mcu.externaltools.gnu-tools-for-stm32.7-2018-q2-update.win32_1.5.0.202011040924/tools/bin/../lib/gcc/arm-none-eabi/7.3.1/../../../../arm-none-eabi/lib/thumb/v7-m\libc_nano.a(lib_a-nano-reallocr.o)
 .debug_frame   0x0000000000002068       0x5c c:/st/stm32cubeide_1.5.1/stm32cubeide/plugins/com.st.stm32cube.ide.mcu.externaltools.gnu-tools-for-stm32.7-2018-q2-update.win32_1.5.0.202011040924/tools/bin/../lib/gcc/arm-none-eabi/7.3.1/../../../../arm-none-eabi/lib/thumb/v7-m\libc_nano.a(lib_a-reent.o)
 .debug_frame   0x00000000000020c4       0x20 c:/st/stm32cubeide_1.5.1/stm32cubeide/plugins/com.st.stm32cube.ide.mcu.externaltools.gnu-tools-for-stm32.7-2018-q2-update.win32_1.5.0.202011040924/tools/bin/../lib/gcc/arm-none-eabi/7.3.1/../../../../arm-none-eabi/lib/thumb/v7-m\libc_nano.a(lib_a-nano-msizer.o)
