main.c:139:5:main	8	static
main.c:188:6:SystemClock_Config	72	static
main.c:226:13:MX_SPI1_Init	8	static
main.c:264:13:MX_GPIO_Init	32	static
main.c:304:6:NavegadorCursor	32	static
main.c:351:6:VerificaSeExisteCartaDisponivelLinha	32	static
main.c:358:6:MoverParaProximaCartaLinha	32	static
main.c:367:6:MoverParaLinhaComCarta	32	static
main.c:382:6:MoverParaProximaCartaColuna	32	static
main.c:391:6:MoverParaColunaComCarta	32	static
main.c:406:6:VerificaSeExisteCartaDisponivelColuna	32	static
main.c:413:6:IniciarJogo	32	static
main.c:434:6:GerarParesAleatorios	56	dynamic
main.c:455:6:SelecionarCarta	32	static
main.c:485:6:VirarTodasCartas	40	static
main.c:494:6:AtualizarRecorde	16	static
main.c:498:6:CompararPares	16	static
main.c:502:6:AtualizarTentativas	16	static
main.c:506:6:VerificaFimDeJogo	16	static
main.c:511:6:ExibirFimDeJogo	40	static
main.c:541:6:Jogo	56	static
main.c:592:6:Jogoteste	56	static
main.c:645:6:CursorEstaEmCartaSelecionada	24	static
main.c:662:6:Error_Handler	4	static,ignoring_inline_asm
