main.c:336:5:main	8	static
main.c:383:6:SystemClock_Config	72	static
main.c:421:13:MX_SPI1_Init	8	static
main.c:459:13:MX_GPIO_Init	32	static
main.c:502:6:NavegadorCursor	64	static
main.c:565:6:VerificaSeExisteCartaDisponivelLinha	32	static
main.c:572:6:MoverParaProximaCartaLinha	32	static
main.c:580:6:MoverParaLinhaComCarta	32	static
main.c:594:6:MoverParaProximaCartaColuna	32	static
main.c:602:6:MoverParaColunaComCarta	32	static
main.c:616:6:VerificaSeExisteCartaDisponivelColuna	32	static
main.c:623:6:setar	40	static
main.c:739:6:IniciarJogo	48	static
main.c:777:6:GerarParesAleatorios	56	dynamic
main.c:798:6:SelecionarCarta	24	static
main.c:828:6:VirarTodasCartas	40	static
main.c:837:6:AtualizarRecorde	16	static
main.c:841:6:CompararPares	16	static
main.c:845:6:AtualizarTentativas	16	static
main.c:849:6:VerificaFimDeJogo	16	static
main.c:853:6:ExibirFimDeJogo	16	static
main.c:857:6:Jogo	48	static
main.c:903:6:Error_Handler	4	static,ignoring_inline_asm
