main.c:336:5:main	8	static
main.c:383:6:SystemClock_Config	72	static
main.c:421:13:MX_SPI1_Init	8	static
main.c:459:13:MX_GPIO_Init	32	static
main.c:499:6:NavegadorCursor	64	static
main.c:562:6:VerificaSeExisteCartaDisponivelLinha	32	static
main.c:569:6:MoverParaProximaCartaLinha	32	static
main.c:577:6:MoverParaLinhaComCarta	32	static
main.c:591:6:MoverParaProximaCartaColuna	32	static
main.c:599:6:MoverParaColunaComCarta	32	static
main.c:613:6:VerificaSeExisteCartaDisponivelColuna	32	static
main.c:620:6:IniciarJogo	48	static
main.c:640:6:GerarParesAleatorios	56	dynamic
main.c:661:6:SelecionarCarta	24	static
main.c:691:6:VirarTodasCartas	40	static
main.c:700:6:AtualizarRecorde	16	static
main.c:704:6:CompararPares	16	static
main.c:708:6:AtualizarTentativas	16	static
main.c:712:6:VerificaFimDeJogo	16	static
main.c:716:6:ExibirFimDeJogo	16	static
main.c:720:6:Jogo	48	static
main.c:766:6:Error_Handler	4	static,ignoring_inline_asm
