main.c:140:5:main	8	static
main.c:188:6:SystemClock_Config	72	static
main.c:226:13:MX_SPI1_Init	8	static
main.c:264:13:MX_GPIO_Init	32	static
main.c:308:6:setar	40	static
main.c:431:6:NavegadorCursor	32	static
main.c:478:6:VerificaSeExisteCartaDisponivelLinha	32	static
main.c:485:6:MoverParaProximaCartaLinha	32	static
main.c:494:6:MoverParaLinhaComCarta	32	static
main.c:509:6:MoverParaProximaCartaColuna	32	static
main.c:518:6:MoverParaColunaComCarta	32	static
main.c:533:6:VerificaSeExisteCartaDisponivelColuna	32	static
main.c:540:6:IniciarJogo	56	dynamic
main.c:595:6:GerarParesAleatorios	56	dynamic
main.c:616:6:SelecionarCarta	32	static
main.c:646:6:VirarTodasCartas	40	static
main.c:655:6:AtualizarRecorde	16	static
main.c:659:6:CompararPares	16	static
main.c:663:6:AtualizarTentativas	16	static
main.c:667:6:VerificaFimDeJogo	16	static
main.c:672:6:ExibirFimDeJogo	40	static
main.c:699:6:FimDeJogoDoisJogadores	32	static
main.c:714:6:Jogo	56	static
main.c:766:6:Jogo2Players	56	static
main.c:821:6:CursorEstaEmCartaSelecionada	24	static
main.c:838:6:Error_Handler	4	static,ignoring_inline_asm
