main.c:138:5:main	8	static
main.c:187:6:SystemClock_Config	72	static
main.c:225:13:MX_SPI1_Init	8	static
main.c:263:13:MX_GPIO_Init	32	static
main.c:303:6:NavegadorCursor	32	static
main.c:350:6:VerificaSeExisteCartaDisponivelLinha	32	static
main.c:357:6:MoverParaProximaCartaLinha	32	static
main.c:366:6:MoverParaLinhaComCarta	32	static
main.c:381:6:MoverParaProximaCartaColuna	32	static
main.c:390:6:MoverParaColunaComCarta	32	static
main.c:405:6:VerificaSeExisteCartaDisponivelColuna	32	static
main.c:412:6:IniciarJogo	32	static
main.c:433:6:GerarParesAleatorios	56	dynamic
main.c:454:6:SelecionarCarta	32	static
main.c:484:6:VirarTodasCartas	40	static
main.c:493:6:AtualizarRecorde	16	static
main.c:497:6:CompararPares	16	static
main.c:501:6:AtualizarTentativas	16	static
main.c:505:6:VerificaFimDeJogo	16	static
main.c:510:6:ExibirFimDeJogo	40	static
main.c:540:6:Jogo	56	static
main.c:590:6:CursorEstaEmCartaSelecionada	24	static
main.c:607:6:Error_Handler	4	static,ignoring_inline_asm
