main.c:140:5:main	8	static
main.c:188:6:SystemClock_Config	72	static
main.c:226:13:MX_SPI1_Init	8	static
main.c:264:13:MX_GPIO_Init	32	static
main.c:308:6:setar	40	static
main.c:425:6:NavegadorCursor	32	static
main.c:472:6:VerificaSeExisteCartaDisponivelLinha	32	static
main.c:479:6:MoverParaProximaCartaLinha	32	static
main.c:488:6:MoverParaLinhaComCarta	32	static
main.c:503:6:MoverParaProximaCartaColuna	32	static
main.c:512:6:MoverParaColunaComCarta	32	static
main.c:527:6:VerificaSeExisteCartaDisponivelColuna	32	static
main.c:534:6:IniciarJogo	56	dynamic
main.c:577:6:GerarParesAleatorios	56	dynamic
main.c:598:6:SelecionarCarta	32	static
main.c:628:6:VirarTodasCartas	40	static
main.c:637:6:AtualizarRecorde	16	static
main.c:641:6:CompararPares	16	static
main.c:645:6:AtualizarTentativas	16	static
main.c:649:6:VerificaFimDeJogo	16	static
main.c:654:6:ExibirFimDeJogo	40	static
main.c:681:6:FimDeJogoDoisJogadores	32	static
main.c:696:6:Jogo	56	static
main.c:748:6:Jogo2Players	56	static
main.c:803:6:CursorEstaEmCartaSelecionada	24	static
main.c:820:6:Error_Handler	4	static,ignoring_inline_asm
