main.c:328:5:main	8	static
main.c:375:6:SystemClock_Config	72	static
main.c:413:13:MX_SPI1_Init	8	static
main.c:451:13:MX_GPIO_Init	32	static
main.c:491:6:NavegadorCursor	64	static
main.c:528:6:IniciarJogo	48	static
main.c:545:6:GerarParesAleatorios	56	dynamic
main.c:565:6:SelecionarCarta	24	static
main.c:594:6:VirarTodasCartas	40	static
main.c:602:9:AtualizarRecorde	16	static
main.c:605:6:CompararPares	16	static
main.c:608:6:Jogo	56	static
main.c:641:6:Error_Handler	4	static,ignoring_inline_asm
