main.c:336:5:main	8	static
main.c:383:6:SystemClock_Config	72	static
main.c:421:13:MX_SPI1_Init	8	static
main.c:459:13:MX_GPIO_Init	32	static
main.c:499:6:NavegadorCursor	32	static
main.c:546:6:VerificaSeExisteCartaDisponivelLinha	32	static
main.c:553:6:MoverParaProximaCartaLinha	32	static
main.c:562:6:MoverParaLinhaComCarta	32	static
main.c:577:6:MoverParaProximaCartaColuna	32	static
main.c:586:6:MoverParaColunaComCarta	32	static
main.c:601:6:VerificaSeExisteCartaDisponivelColuna	32	static
main.c:608:6:IniciarJogo	32	static
main.c:629:6:GerarParesAleatorios	56	dynamic
main.c:650:6:SelecionarCarta	24	static
main.c:680:6:VirarTodasCartas	40	static
main.c:689:6:AtualizarRecorde	16	static
main.c:693:6:CompararPares	16	static
main.c:697:6:AtualizarTentativas	16	static
main.c:701:6:VerificaFimDeJogo	16	static
main.c:705:6:ExibirFimDeJogo	16	static
main.c:709:6:Jogo	48	static
main.c:758:6:Error_Handler	4	static,ignoring_inline_asm
