main.c:338:5:main	8	static
main.c:387:6:SystemClock_Config	72	static
main.c:425:13:MX_SPI1_Init	8	static
main.c:463:13:MX_GPIO_Init	32	static
main.c:503:6:NavegadorCursor	32	static
main.c:550:6:VerificaSeExisteCartaDisponivelLinha	32	static
main.c:557:6:MoverParaProximaCartaLinha	32	static
main.c:566:6:MoverParaLinhaComCarta	32	static
main.c:581:6:MoverParaProximaCartaColuna	32	static
main.c:590:6:MoverParaColunaComCarta	32	static
main.c:605:6:VerificaSeExisteCartaDisponivelColuna	32	static
main.c:612:6:IniciarJogo	32	static
main.c:633:6:GerarParesAleatorios	56	dynamic
main.c:654:6:SelecionarCarta	24	static
main.c:684:6:VirarTodasCartas	40	static
main.c:693:6:AtualizarRecorde	16	static
main.c:697:6:CompararPares	16	static
main.c:701:6:AtualizarTentativas	16	static
main.c:705:6:VerificaFimDeJogo	16	static
main.c:710:6:ExibirFimDeJogo	40	static
main.c:736:6:Jogo	48	static
main.c:785:6:Error_Handler	4	static,ignoring_inline_asm
